{
  "profile" : {
    "counters" : {
      "count" : 2299973
    },
    "schema" : {
      "inferredType" : {
        "type" : "FRACTIONAL",
        "ratio" : 1.0
      },
      "typeCounts" : {
        "FRACTIONAL" : 2278625,
        "NULL" : 21348
      }
    },
    "numberSummary" : {
      "count" : 2278625,
      "min" : -391.2542574444356,
      "max" : 559.7833976194473,
      "mean" : 43.413165727438184,
      "stddev" : 66.80123119450013,
      "histogram" : {
        "start" : -391.2542724609375,
        "end" : 559.7834422088074,
        "counts" : [ "0", "0", "0", "0", "0", "96", "128", "5120", "3072", "20480", "38912", "108544", "945153", "395264", "271360", "188416", "112640", "73728", "51200", "25600", "21504", "5120", "4096", "8192", "0", "0", "0", "0", "0", "0" ],
        "max" : 559.7833862304688,
        "min" : -391.2542724609375,
        "bins" : [ -391.2542724609375, -359.55301530527936, -327.85175814962116, -296.150500993963, -264.4492438383048, -232.74798668264668, -201.04672952698854, -169.34547237133037, -137.6442152156722, -105.94295806001406, -74.24170090435587, -42.540443748697726, -10.839186593039585, 20.862070562618612, 52.56332771827675, 84.26458487393495, 115.96584202959309, 147.66709918525123, 179.36835634090937, 211.06961349656763, 242.77087065222577, 274.4721278078839, 306.17338496354205, 337.8746421192002, 369.57589927485833, 401.2771564305166, 432.9784135861747, 464.67967074183287, 496.380927897491, 528.0821850531491, 559.7834422088074 ],
        "n" : 2278625,
        "width" : 0.0
      },
      "uniqueCount" : {
        "estimate" : 1634287.6306155797,
        "upper" : 1660192.683650335,
        "lower" : 1608783.686737209
      },
      "quantiles" : {
        "quantiles" : [ 0.0, 0.01, 0.05, 0.25, 0.5, 0.75, 0.95, 0.99, 1.0 ],
        "quantileValues" : [ -391.2542724609375, -79.57911682128906, -24.66634750366211, 0.0, 22.582258224487305, 73.6591796875, 179.75942993164062, 270.8111877441406, 559.7833862304688 ]
      },
      "frequentNumbers" : {
        "doubles" : [ {
          "estimate" : "586277",
          "value" : 0.0,
          "rank" : 0
        }, {
          "estimate" : "84079",
          "value" : 100.0,
          "rank" : 1
        }, {
          "estimate" : "78368",
          "value" : 50.0,
          "rank" : 2
        }, {
          "estimate" : "73660",
          "value" : 33.3,
          "rank" : 3
        }, {
          "estimate" : "72942",
          "value" : 66.7,
          "rank" : 4
        }, {
          "estimate" : "70855",
          "value" : 75.0,
          "rank" : 5
        }, {
          "estimate" : "70796",
          "value" : 25.0,
          "rank" : 6
        }, {
          "estimate" : "70792",
          "value" : 20.0,
          "rank" : 7
        }, {
          "estimate" : "70008",
          "value" : 40.0,
          "rank" : 8
        }, {
          "estimate" : "69584",
          "value" : 60.0,
          "rank" : 9
        }, {
          "estimate" : "69556",
          "value" : 42.5194263658,
          "rank" : 10
        }, {
          "estimate" : "69556",
          "value" : -5.8331921583,
          "rank" : 11
        }, {
          "estimate" : "69556",
          "value" : 60.7808005537,
          "rank" : 12
        } ],
        "longs" : [ ]
      },
      "isDiscrete" : false
    },
    "frequentItems" : {
      "items" : [ {
        "estimate" : "586277",
        "jsonValue" : "0.0"
      }, {
        "estimate" : "84079",
        "jsonValue" : "100.0"
      }, {
        "estimate" : "78368",
        "jsonValue" : "50.0"
      }, {
        "estimate" : "73660",
        "jsonValue" : "33.3"
      }, {
        "estimate" : "72942",
        "jsonValue" : "66.7"
      }, {
        "estimate" : "70855",
        "jsonValue" : "75.0"
      }, {
        "estimate" : "70796",
        "jsonValue" : "25.0"
      }, {
        "estimate" : "70792",
        "jsonValue" : "20.0"
      }, {
        "estimate" : "70008",
        "jsonValue" : "40.0"
      }, {
        "estimate" : "69584",
        "jsonValue" : "60.0"
      }, {
        "estimate" : "69556",
        "jsonValue" : "42.5194263658"
      }, {
        "estimate" : "69556",
        "jsonValue" : "-5.8331921583"
      }, {
        "estimate" : "69556",
        "jsonValue" : "60.7808005537"
      } ]
    },
    "uniqueCount" : {
      "estimate" : 1621353.5415686322,
      "upper" : 1648029.6403225143,
      "lower" : 1595575.9290389523
    }
  },
  "properties" : {
    "schemaMajorVersion" : 1,
    "schemaMinorVersion" : 1,
    "sessionId" : "d78c144f-a15a-4fd2-b1f6-11410afb55b1",
    "sessionTimestamp" : "1608772592814",
    "dataTimestamp" : "1608768000000",
    "tags" : {
      "Name" : "lending_club_credit_model"
    },
    "metadata" : { }
  },
  "featureName" : "percent_bc_gt_75",
  "idx" : {
    "orgId" : "test-org",
    "modelId" : "test-model",
    "datasetId" : "test-model",
    "datasetTimestamp" : 1606780800000,
    "segmentHash" : "4f53cda18c2baa0c0354bb5f9a3ecbe5ed12ab4d8e11ba873c2f11161202b945"
  },
  "modelId" : "test-model",
  "datasetId" : "test-model"
}