{
  "data": {
    "runCount": {
      "count": 40
    }
  }
}