{
  "data": {
    "analysisResults": [
      {
        "id": "bf420b40-926f-3cc4-accc-d55db17bda03",
        "orgId": "org-9snDQm",
        "datasetId": "model-12",
        "runId": "94d07468-becf-4755-add2-b6ef41d62213",
        "creationTimestamp": 1730897936386,
        "datasetTimestamp": 1729036800000,
        "targetLevel": "DATASET",
        "category": "Performance",
        "column": "__internal__.datasetMetrics",
        "comparison_expected": null,
        "comparison_observed": null,
        "algorithm": null,
        "algorithmMode": null,
        "analysisId": "0d6f3b70-94d1-39bf-a664-3db1208a8b2d",
        "analyzerId": "energetic-violet-cockroach-3191-analyzer",
        "analyzerConfigVersion": 1,
        "analyzerType": "diff",
        "monitorIds": [
          "energetic-violet-cockroach-3191"
        ],
        "isAnomaly": false,
        "isFalseAlarm": false,
        "granularity": "DAYS",
        "metric": "REGRESSION_MAE",
        "weight": null,
        "calculationRuntimeNano": 35637,
        "columnList_added": null,
        "columnList_removed": null,
        "diff_metricValue": 0,
        "diff_mode": "pct",
        "diff_threshold": 10,
        "drift_metricValue": null,
        "drift_minBatchSize": null,
        "drift_threshold": null,
        "mostRecentDatasetDatalakeWriteTs": null,
        "threshold_absoluteLower": null,
        "threshold_absoluteUpper": null,
        "threshold_baselineMetricValue": null,
        "threshold_calculatedLower": 135,
        "threshold_calculatedUpper": 165,
        "threshold_metricValue": 150,
        "threshold_factor": null,
        "threshold_minBatchSize": null,
        "failureType": null,
        "failureExplanation": null,
        "tags": []
      },
      {
        "id": "fa34e21a-5d41-3062-902a-8404dd84bc60",
        "orgId": "org-9snDQm",
        "datasetId": "model-12",
        "runId": "8ff5f2a0-90de-4bd6-b20c-265cd212d7d3",
        "creationTimestamp": 1730898544323,
        "datasetTimestamp": 1729036800000,
        "targetLevel": "DATASET",
        "category": "Performance",
        "column": "__internal__.datasetMetrics",
        "comparison_expected": null,
        "comparison_observed": null,
        "algorithm": null,
        "algorithmMode": null,
        "analysisId": "af631fed-78be-3d56-b3f9-19cd806b92c4",
        "analyzerId": "quaint-mistyrose-quelea-934-analyzer",
        "analyzerConfigVersion": 1,
        "analyzerType": "diff",
        "monitorIds": [
          "quaint-mistyrose-quelea-934"
        ],
        "isAnomaly": false,
        "isFalseAlarm": false,
        "granularity": "DAYS",
        "metric": "REGRESSION_RMSE",
        "weight": null,
        "calculationRuntimeNano": 43288,
        "columnList_added": null,
        "columnList_removed": null,
        "diff_metricValue": 0,
        "diff_mode": "pct",
        "diff_threshold": 10,
        "drift_metricValue": null,
        "drift_minBatchSize": null,
        "drift_threshold": null,
        "mostRecentDatasetDatalakeWriteTs": null,
        "threshold_absoluteLower": null,
        "threshold_absoluteUpper": null,
        "threshold_baselineMetricValue": null,
        "threshold_calculatedLower": 142.302494707577,
        "threshold_calculatedUpper": 173.925271309261,
        "threshold_metricValue": 158.113883008419,
        "threshold_factor": null,
        "threshold_minBatchSize": null,
        "failureType": null,
        "failureExplanation": null,
        "tags": []
      },
      {
        "id": "d2b44e2c-c895-3818-9d81-c45c9b602471",
        "orgId": "org-9snDQm",
        "datasetId": "model-12",
        "runId": "ecd00b3b-2c3b-4fb3-ae76-fe5bab1195d3",
        "creationTimestamp": 1730896664788,
        "datasetTimestamp": 1729036800000,
        "targetLevel": "DATASET",
        "category": "Performance",
        "column": "__internal__.datasetMetrics",
        "comparison_expected": null,
        "comparison_observed": null,
        "algorithm": null,
        "algorithmMode": null,
        "analysisId": "3edf8794-5c60-333b-aec6-29062cdcb241",
        "analyzerId": "funny-floralwhite-wren-781-analyzer",
        "analyzerConfigVersion": 1,
        "analyzerType": "diff",
        "monitorIds": [
          "funny-floralwhite-wren-781"
        ],
        "isAnomaly": false,
        "isFalseAlarm": false,
        "granularity": "DAYS",
        "metric": "REGRESSION_MSE",
        "weight": null,
        "calculationRuntimeNano": 40502,
        "columnList_added": null,
        "columnList_removed": null,
        "diff_metricValue": 0,
        "diff_mode": "pct",
        "diff_threshold": 10,
        "drift_metricValue": null,
        "drift_minBatchSize": null,
        "drift_threshold": null,
        "mostRecentDatasetDatalakeWriteTs": null,
        "threshold_absoluteLower": null,
        "threshold_absoluteUpper": null,
        "threshold_baselineMetricValue": null,
        "threshold_calculatedLower": 22500,
        "threshold_calculatedUpper": 27500,
        "threshold_metricValue": 25000,
        "threshold_factor": null,
        "threshold_minBatchSize": null,
        "failureType": null,
        "failureExplanation": null,
        "tags": []
      },
      {
        "id": "a7ba1df5-8691-3a3d-bd44-b257a7943726",
        "orgId": "org-9snDQm",
        "datasetId": "model-12",
        "runId": "5fb3396a-91ef-49c5-a986-815d61f956e3",
        "creationTimestamp": 1730898014568,
        "datasetTimestamp": 1729123200000,
        "targetLevel": "DATASET",
        "category": "Performance",
        "column": "__internal__.datasetMetrics",
        "comparison_expected": null,
        "comparison_observed": null,
        "algorithm": null,
        "algorithmMode": null,
        "analysisId": "95d75e3c-b5c7-3e5e-a39a-1b9e4a6d6b90",
        "analyzerId": "energetic-violet-cockroach-3191-analyzer",
        "analyzerConfigVersion": 1,
        "analyzerType": "diff",
        "monitorIds": [
          "energetic-violet-cockroach-3191"
        ],
        "isAnomaly": true,
        "isFalseAlarm": false,
        "granularity": "DAYS",
        "metric": "REGRESSION_MAE",
        "weight": null,
        "calculationRuntimeNano": 88149,
        "columnList_added": null,
        "columnList_removed": null,
        "diff_metricValue": 100,
        "diff_mode": "pct",
        "diff_threshold": 10,
        "drift_metricValue": null,
        "drift_minBatchSize": null,
        "drift_threshold": null,
        "mostRecentDatasetDatalakeWriteTs": null,
        "threshold_absoluteLower": null,
        "threshold_absoluteUpper": null,
        "threshold_baselineMetricValue": null,
        "threshold_calculatedLower": 135,
        "threshold_calculatedUpper": 165,
        "threshold_metricValue": 300,
        "threshold_factor": null,
        "threshold_minBatchSize": null,
        "failureType": null,
        "failureExplanation": null,
        "tags": []
      },
      {
        "id": "9fe777e5-77cd-36b0-81c8-4c4a9b101ff2",
        "orgId": "org-9snDQm",
        "datasetId": "model-12",
        "runId": "ea2f0999-dc49-4f20-89b1-67c9953e1cce",
        "creationTimestamp": 1730896725995,
        "datasetTimestamp": 1729123200000,
        "targetLevel": "DATASET",
        "category": "Performance",
        "column": "__internal__.datasetMetrics",
        "comparison_expected": null,
        "comparison_observed": null,
        "algorithm": null,
        "algorithmMode": null,
        "analysisId": "6893c35f-6619-3a9a-af4e-e88cae90320c",
        "analyzerId": "funny-floralwhite-wren-781-analyzer",
        "analyzerConfigVersion": 1,
        "analyzerType": "diff",
        "monitorIds": [
          "funny-floralwhite-wren-781"
        ],
        "isAnomaly": true,
        "isFalseAlarm": false,
        "granularity": "DAYS",
        "metric": "REGRESSION_MSE",
        "weight": null,
        "calculationRuntimeNano": 40589,
        "columnList_added": null,
        "columnList_removed": null,
        "diff_metricValue": 300,
        "diff_mode": "pct",
        "diff_threshold": 10,
        "drift_metricValue": null,
        "drift_minBatchSize": null,
        "drift_threshold": null,
        "mostRecentDatasetDatalakeWriteTs": null,
        "threshold_absoluteLower": null,
        "threshold_absoluteUpper": null,
        "threshold_baselineMetricValue": null,
        "threshold_calculatedLower": 22500,
        "threshold_calculatedUpper": 27500,
        "threshold_metricValue": 100000,
        "threshold_factor": null,
        "threshold_minBatchSize": null,
        "failureType": null,
        "failureExplanation": null,
        "tags": []
      },
      {
        "id": "bdf0177b-9ff9-3177-abdf-226fc93eebd8",
        "orgId": "org-9snDQm",
        "datasetId": "model-12",
        "runId": "9ae987a1-fee2-4f42-8d0c-7d76c99aa2db",
        "creationTimestamp": 1730898604518,
        "datasetTimestamp": 1729123200000,
        "targetLevel": "DATASET",
        "category": "Performance",
        "column": "__internal__.datasetMetrics",
        "comparison_expected": null,
        "comparison_observed": null,
        "algorithm": null,
        "algorithmMode": null,
        "analysisId": "6144e86d-e97e-38ab-bb6c-47bf38dab8dc",
        "analyzerId": "quaint-mistyrose-quelea-934-analyzer",
        "analyzerConfigVersion": 1,
        "analyzerType": "diff",
        "monitorIds": [
          "quaint-mistyrose-quelea-934"
        ],
        "isAnomaly": true,
        "isFalseAlarm": false,
        "granularity": "DAYS",
        "metric": "REGRESSION_RMSE",
        "weight": null,
        "calculationRuntimeNano": 84300,
        "columnList_added": null,
        "columnList_removed": null,
        "diff_metricValue": 100,
        "diff_mode": "pct",
        "diff_threshold": 10,
        "drift_metricValue": null,
        "drift_minBatchSize": null,
        "drift_threshold": null,
        "mostRecentDatasetDatalakeWriteTs": null,
        "threshold_absoluteLower": null,
        "threshold_absoluteUpper": null,
        "threshold_baselineMetricValue": null,
        "threshold_calculatedLower": 142.302494707577,
        "threshold_calculatedUpper": 173.925271309261,
        "threshold_metricValue": 316.227766016838,
        "threshold_factor": null,
        "threshold_minBatchSize": null,
        "failureType": null,
        "failureExplanation": null,
        "tags": []
      },
      {
        "id": "13cda9a8-90e4-3440-85c2-a292398dca3f",
        "orgId": "org-9snDQm",
        "datasetId": "model-12",
        "runId": "e1d91b1d-5b72-4ca0-bf81-2d1beb121781",
        "creationTimestamp": 1730898665002,
        "datasetTimestamp": 1729209600000,
        "targetLevel": "DATASET",
        "category": "Performance",
        "column": "__internal__.datasetMetrics",
        "comparison_expected": null,
        "comparison_observed": null,
        "algorithm": null,
        "algorithmMode": null,
        "analysisId": "ad967fe5-91cd-31c7-85b8-d01be1cb249d",
        "analyzerId": "quaint-mistyrose-quelea-934-analyzer",
        "analyzerConfigVersion": 1,
        "analyzerType": "diff",
        "monitorIds": [
          "quaint-mistyrose-quelea-934"
        ],
        "isAnomaly": true,
        "isFalseAlarm": false,
        "granularity": "DAYS",
        "metric": "REGRESSION_RMSE",
        "weight": null,
        "calculationRuntimeNano": 47120,
        "columnList_added": null,
        "columnList_removed": null,
        "diff_metricValue": 34.8399724926484,
        "diff_mode": "pct",
        "diff_threshold": 10,
        "drift_metricValue": null,
        "drift_minBatchSize": null,
        "drift_threshold": null,
        "mostRecentDatasetDatalakeWriteTs": null,
        "threshold_absoluteLower": null,
        "threshold_absoluteUpper": null,
        "threshold_baselineMetricValue": null,
        "threshold_calculatedLower": 211.068709192054,
        "threshold_calculatedUpper": 257.972866790289,
        "threshold_metricValue": 316.227766016838,
        "threshold_factor": null,
        "threshold_minBatchSize": null,
        "failureType": null,
        "failureExplanation": null,
        "tags": []
      },
      {
        "id": "6959cee1-3593-3766-b4b5-d66317880877",
        "orgId": "org-9snDQm",
        "datasetId": "model-12",
        "runId": "6f0bd5e2-2178-4cd4-b1dd-cd7aba26089a",
        "creationTimestamp": 1730896787926,
        "datasetTimestamp": 1729209600000,
        "targetLevel": "DATASET",
        "category": "Performance",
        "column": "__internal__.datasetMetrics",
        "comparison_expected": null,
        "comparison_observed": null,
        "algorithm": null,
        "algorithmMode": null,
        "analysisId": "bf11ecdb-7b86-320d-9f97-bc2dea8cb24a",
        "analyzerId": "funny-floralwhite-wren-781-analyzer",
        "analyzerConfigVersion": 1,
        "analyzerType": "diff",
        "monitorIds": [
          "funny-floralwhite-wren-781"
        ],
        "isAnomaly": true,
        "isFalseAlarm": false,
        "granularity": "DAYS",
        "metric": "REGRESSION_MSE",
        "weight": null,
        "calculationRuntimeNano": 44221,
        "columnList_added": null,
        "columnList_removed": null,
        "diff_metricValue": 81.8181818181818,
        "diff_mode": "pct",
        "diff_threshold": 10,
        "drift_metricValue": null,
        "drift_minBatchSize": null,
        "drift_threshold": null,
        "mostRecentDatasetDatalakeWriteTs": null,
        "threshold_absoluteLower": null,
        "threshold_absoluteUpper": null,
        "threshold_baselineMetricValue": null,
        "threshold_calculatedLower": 49500,
        "threshold_calculatedUpper": 60500,
        "threshold_metricValue": 100000,
        "threshold_factor": null,
        "threshold_minBatchSize": null,
        "failureType": null,
        "failureExplanation": null,
        "tags": []
      },
      {
        "id": "5c16580e-62a6-3b56-b4b1-9c0b50734783",
        "orgId": "org-9snDQm",
        "datasetId": "model-12",
        "runId": "e4c8ecb5-dc97-4ef6-a0cb-685128205fa8",
        "creationTimestamp": 1730898141710,
        "datasetTimestamp": 1729209600000,
        "targetLevel": "DATASET",
        "category": "Performance",
        "column": "__internal__.datasetMetrics",
        "comparison_expected": null,
        "comparison_observed": null,
        "algorithm": null,
        "algorithmMode": null,
        "analysisId": "036ee8c1-59d3-343a-af28-1468764f8481",
        "analyzerId": "energetic-violet-cockroach-3191-analyzer",
        "analyzerConfigVersion": 1,
        "analyzerType": "diff",
        "monitorIds": [
          "energetic-violet-cockroach-3191"
        ],
        "isAnomaly": true,
        "isFalseAlarm": false,
        "granularity": "DAYS",
        "metric": "REGRESSION_MAE",
        "weight": null,
        "calculationRuntimeNano": 42353,
        "columnList_added": null,
        "columnList_removed": null,
        "diff_metricValue": 42.8571428571429,
        "diff_mode": "pct",
        "diff_threshold": 10,
        "drift_metricValue": null,
        "drift_minBatchSize": null,
        "drift_threshold": null,
        "mostRecentDatasetDatalakeWriteTs": null,
        "threshold_absoluteLower": null,
        "threshold_absoluteUpper": null,
        "threshold_baselineMetricValue": null,
        "threshold_calculatedLower": 189,
        "threshold_calculatedUpper": 231,
        "threshold_metricValue": 300,
        "threshold_factor": null,
        "threshold_minBatchSize": null,
        "failureType": null,
        "failureExplanation": null,
        "tags": []
      },
      {
        "id": "4f9d3c5f-e664-3d14-8cdf-bba769f83d5f",
        "orgId": "org-9snDQm",
        "datasetId": "model-12",
        "runId": "3f1f7f33-46d5-47d6-96a5-715e84b6ed36",
        "creationTimestamp": 1730898725058,
        "datasetTimestamp": 1729296000000,
        "targetLevel": "DATASET",
        "category": "Performance",
        "column": "__internal__.datasetMetrics",
        "comparison_expected": null,
        "comparison_observed": null,
        "algorithm": null,
        "algorithmMode": null,
        "analysisId": "050d8824-2805-3a55-b753-40d8e6e3da89",
        "analyzerId": "quaint-mistyrose-quelea-934-analyzer",
        "analyzerConfigVersion": 1,
        "analyzerType": "diff",
        "monitorIds": [
          "quaint-mistyrose-quelea-934"
        ],
        "isAnomaly": true,
        "isFalseAlarm": false,
        "granularity": "DAYS",
        "metric": "REGRESSION_RMSE",
        "weight": null,
        "calculationRuntimeNano": 47121,
        "columnList_added": null,
        "columnList_removed": null,
        "diff_metricValue": 100,
        "diff_mode": "pct",
        "diff_threshold": 10,
        "drift_metricValue": null,
        "drift_minBatchSize": null,
        "drift_threshold": null,
        "mostRecentDatasetDatalakeWriteTs": null,
        "threshold_absoluteLower": null,
        "threshold_absoluteUpper": null,
        "threshold_baselineMetricValue": null,
        "threshold_calculatedLower": 234.444632513277,
        "threshold_calculatedUpper": 286.54343973845,
        "threshold_metricValue": 0,
        "threshold_factor": null,
        "threshold_minBatchSize": null,
        "failureType": null,
        "failureExplanation": null,
        "tags": []
      },
      {
        "id": "0c519f45-5377-3fa7-88b1-d44687319648",
        "orgId": "org-9snDQm",
        "datasetId": "model-12",
        "runId": "28a0fd97-85af-4cfe-80fe-17400020254f",
        "creationTimestamp": 1730896846504,
        "datasetTimestamp": 1729296000000,
        "targetLevel": "DATASET",
        "category": "Performance",
        "column": "__internal__.datasetMetrics",
        "comparison_expected": null,
        "comparison_observed": null,
        "algorithm": null,
        "algorithmMode": null,
        "analysisId": "d81bce4f-b9c7-32cc-b868-d707bde5e81d",
        "analyzerId": "funny-floralwhite-wren-781-analyzer",
        "analyzerConfigVersion": 1,
        "analyzerType": "diff",
        "monitorIds": [
          "funny-floralwhite-wren-781"
        ],
        "isAnomaly": true,
        "isFalseAlarm": false,
        "granularity": "DAYS",
        "metric": "REGRESSION_MSE",
        "weight": null,
        "calculationRuntimeNano": 51600,
        "columnList_added": null,
        "columnList_removed": null,
        "diff_metricValue": 100,
        "diff_mode": "pct",
        "diff_threshold": 10,
        "drift_metricValue": null,
        "drift_minBatchSize": null,
        "drift_threshold": null,
        "mostRecentDatasetDatalakeWriteTs": null,
        "threshold_absoluteLower": null,
        "threshold_absoluteUpper": null,
        "threshold_baselineMetricValue": null,
        "threshold_calculatedLower": 61071.4285714286,
        "threshold_calculatedUpper": 74642.8571428571,
        "threshold_metricValue": 0,
        "threshold_factor": null,
        "threshold_minBatchSize": null,
        "failureType": null,
        "failureExplanation": null,
        "tags": []
      },
      {
        "id": "cc17bc96-8a92-3b16-a6e1-27758603fee3",
        "orgId": "org-9snDQm",
        "datasetId": "model-12",
        "runId": "a12a2eee-3533-4233-b038-faa71e619746",
        "creationTimestamp": 1730898253529,
        "datasetTimestamp": 1729296000000,
        "targetLevel": "DATASET",
        "category": "Performance",
        "column": "__internal__.datasetMetrics",
        "comparison_expected": null,
        "comparison_observed": null,
        "algorithm": null,
        "algorithmMode": null,
        "analysisId": "c4ee3ee4-6cc7-3fbd-aa6a-e3b1c224d5d5",
        "analyzerId": "energetic-violet-cockroach-3191-analyzer",
        "analyzerConfigVersion": 1,
        "analyzerType": "diff",
        "monitorIds": [
          "energetic-violet-cockroach-3191"
        ],
        "isAnomaly": true,
        "isFalseAlarm": false,
        "granularity": "DAYS",
        "metric": "REGRESSION_MAE",
        "weight": null,
        "calculationRuntimeNano": 50115,
        "columnList_added": null,
        "columnList_removed": null,
        "diff_metricValue": 100,
        "diff_mode": "pct",
        "diff_threshold": 10,
        "drift_metricValue": null,
        "drift_minBatchSize": null,
        "drift_threshold": null,
        "mostRecentDatasetDatalakeWriteTs": null,
        "threshold_absoluteLower": null,
        "threshold_absoluteUpper": null,
        "threshold_baselineMetricValue": null,
        "threshold_calculatedLower": 212.142857142857,
        "threshold_calculatedUpper": 259.285714285714,
        "threshold_metricValue": 0,
        "threshold_factor": null,
        "threshold_minBatchSize": null,
        "failureType": null,
        "failureExplanation": null,
        "tags": []
      },
      {
        "id": "b30530ba-ff8b-301b-927b-17568d53e965",
        "orgId": "org-9snDQm",
        "datasetId": "model-12",
        "runId": "9a6f8b77-c7f6-4c63-bf91-2be9cc4fd974",
        "creationTimestamp": 1730898310933,
        "datasetTimestamp": 1729382400000,
        "targetLevel": "DATASET",
        "category": "Performance",
        "column": "__internal__.datasetMetrics",
        "comparison_expected": null,
        "comparison_observed": null,
        "algorithm": null,
        "algorithmMode": null,
        "analysisId": "a9dea001-9cc7-31c7-8f4f-cc064c6efb3a",
        "analyzerId": "energetic-violet-cockroach-3191-analyzer",
        "analyzerConfigVersion": 1,
        "analyzerType": "diff",
        "monitorIds": [
          "energetic-violet-cockroach-3191"
        ],
        "isAnomaly": true,
        "isFalseAlarm": false,
        "granularity": "DAYS",
        "metric": "REGRESSION_MAE",
        "weight": null,
        "calculationRuntimeNano": 46403,
        "columnList_added": null,
        "columnList_removed": null,
        "diff_metricValue": 100,
        "diff_mode": "pct",
        "diff_threshold": 10,
        "drift_metricValue": null,
        "drift_minBatchSize": null,
        "drift_threshold": null,
        "mostRecentDatasetDatalakeWriteTs": null,
        "threshold_absoluteLower": null,
        "threshold_absoluteUpper": null,
        "threshold_baselineMetricValue": null,
        "threshold_calculatedLower": 165,
        "threshold_calculatedUpper": 201.666666666667,
        "threshold_metricValue": 0,
        "threshold_factor": null,
        "threshold_minBatchSize": null,
        "failureType": null,
        "failureExplanation": null,
        "tags": []
      },
      {
        "id": "6b3c93b4-5920-32d5-b052-0574a7cc549f",
        "orgId": "org-9snDQm",
        "datasetId": "model-12",
        "runId": "8b1463dd-6dab-42f5-8919-eba1c29b48d4",
        "creationTimestamp": 1730896912506,
        "datasetTimestamp": 1729382400000,
        "targetLevel": "DATASET",
        "category": "Performance",
        "column": "__internal__.datasetMetrics",
        "comparison_expected": null,
        "comparison_observed": null,
        "algorithm": null,
        "algorithmMode": null,
        "analysisId": "6295a6c3-d755-3d30-95a2-c67b562d092b",
        "analyzerId": "funny-floralwhite-wren-781-analyzer",
        "analyzerConfigVersion": 1,
        "analyzerType": "diff",
        "monitorIds": [
          "funny-floralwhite-wren-781"
        ],
        "isAnomaly": true,
        "isFalseAlarm": false,
        "granularity": "DAYS",
        "metric": "REGRESSION_MSE",
        "weight": null,
        "calculationRuntimeNano": 56212,
        "columnList_added": null,
        "columnList_removed": null,
        "diff_metricValue": 100,
        "diff_mode": "pct",
        "diff_threshold": 10,
        "drift_metricValue": null,
        "drift_minBatchSize": null,
        "drift_threshold": null,
        "mostRecentDatasetDatalakeWriteTs": null,
        "threshold_absoluteLower": null,
        "threshold_absoluteUpper": null,
        "threshold_baselineMetricValue": null,
        "threshold_calculatedLower": 47500,
        "threshold_calculatedUpper": 58055.5555555556,
        "threshold_metricValue": 0,
        "threshold_factor": null,
        "threshold_minBatchSize": null,
        "failureType": null,
        "failureExplanation": null,
        "tags": []
      },
      {
        "id": "5747bbc9-190a-314a-ac23-49c46165143a",
        "orgId": "org-9snDQm",
        "datasetId": "model-12",
        "runId": "c3e93638-d3e2-4173-8f69-8344aed6377a",
        "creationTimestamp": 1730898784597,
        "datasetTimestamp": 1729382400000,
        "targetLevel": "DATASET",
        "category": "Performance",
        "column": "__internal__.datasetMetrics",
        "comparison_expected": null,
        "comparison_observed": null,
        "algorithm": null,
        "algorithmMode": null,
        "analysisId": "4a450287-c1c3-371e-9de1-dde2f5641ec9",
        "analyzerId": "quaint-mistyrose-quelea-934-analyzer",
        "analyzerConfigVersion": 1,
        "analyzerType": "diff",
        "monitorIds": [
          "quaint-mistyrose-quelea-934"
        ],
        "isAnomaly": true,
        "isFalseAlarm": false,
        "granularity": "DAYS",
        "metric": "REGRESSION_RMSE",
        "weight": null,
        "calculationRuntimeNano": 54393,
        "columnList_added": null,
        "columnList_removed": null,
        "diff_metricValue": 100,
        "diff_mode": "pct",
        "diff_threshold": 10,
        "drift_metricValue": null,
        "drift_minBatchSize": null,
        "drift_threshold": null,
        "mostRecentDatasetDatalakeWriteTs": null,
        "threshold_absoluteLower": null,
        "threshold_absoluteUpper": null,
        "threshold_baselineMetricValue": null,
        "threshold_calculatedLower": 206.760731281353,
        "threshold_calculatedUpper": 252.707560454987,
        "threshold_metricValue": 0,
        "threshold_factor": null,
        "threshold_minBatchSize": null,
        "failureType": null,
        "failureExplanation": null,
        "tags": []
      }
    ]
  }
}