{
  "data": {
    "model": {
      "batches": [
        {
          "timestamp": 1728950400000,
          "sketches": {
            "results": [
              {
                "featureName": "output_target",
                "numberSummary": {
                  "histogram": {
                    "bins": [
                      1000,
                      1033.3333333333333,
                      1066.6666666666667,
                      1100,
                      1133.3333333333333,
                      1166.6666666666667,
                      1200,
                      1233.3333333333333,
                      1266.6666666666667,
                      1300,
                      1333.3333333333335,
                      1366.6666666666667,
                      1400,
                      1433.3333333333335,
                      1466.6666666666667,
                      1500,
                      1533.3333333333335,
                      1566.6666666666667,
                      1600,
                      1633.3333333333335,
                      1666.6666666666667,
                      1700,
                      1733.3333333333335,
                      1766.6666666666667,
                      1800,
                      1833.3333333333335,
                      1866.6666666666667,
                      1900,
                      1933.3333333333335,
                      1966.6666666666667,
                      2000
                    ],
                    "counts": [
                      250,
                      0,
                      0,
                      0,
                      0,
                      0,
                      0,
                      0,
                      0,
                      0,
                      0,
                      0,
                      0,
                      0,
                      0,
                      0,
                      0,
                      0,
                      0,
                      0,
                      0,
                      0,
                      0,
                      0,
                      0,
                      0,
                      0,
                      0,
                      0,
                      250
                    ]
                  }
                }
              }
            ]
          }
        }
      ],
      "referenceProfiles": []
    }
  }
}