{
  "data": {
    "model": {
      "dataAvailability": {
        "latestTimestamp": 1729526400000,
        "oldestTimestamp": 1728950400000
      }
    }
  }
}