{
  "data": {
    "model": {
      "dataAvailability": {
        "latestTimestamp": null,
        "oldestTimestamp": null
      }
    }
  }
}