{
  "data": {
    "model": {
      "batches": [
        {
          "timestamp": 1728950400000,
          "sketches": {
            "totalCount": 3,
            "results": [
              {
                "id": "ead0e015-883a-400a-b5f8-27a39f4a1c7c",
                "featureName": "output_prediction",
                "booleanCount": 0,
                "integerCount": 0,
                "fractionCount": 500,
                "trueCount": 0,
                "createdAt": 1728950400000,
                "totalCount": 500,
                "nullCount": 0,
                "nullRatio": 0,
                "showAsDiscrete": false,
                "frequentItems": [],
                "uniqueCount": {
                  "upper": 2.000099863468538,
                  "estimate": 2.000000004967054,
                  "lower": 2
                },
                "numberSummary": {
                  "count": 500,
                  "min": 1100,
                  "max": 2200,
                  "mean": 1650,
                  "stddev": 550.5508,
                  "histogram": {
                    "bins": [
                      1100,
                      1136.6666666666667,
                      1173.3333333333333,
                      1210,
                      1246.6666666666667,
                      1283.3333333333333,
                      1320,
                      1356.6666666666665,
                      1393.3333333333333,
                      1430,
                      1466.6666666666665,
                      1503.3333333333333,
                      1540,
                      1576.6666666666665,
                      1613.3333333333333,
                      1650,
                      1686.6666666666665,
                      1723.3333333333333,
                      1760,
                      1796.6666666666665,
                      1833.3333333333333,
                      1870,
                      1906.6666666666665,
                      1943.3333333333333,
                      1980,
                      2016.6666666666665,
                      2053.333333333333,
                      2090,
                      2126.6666666666665,
                      2163.333333333333,
                      2200
                    ],
                    "counts": [
                      250,
                      0,
                      0,
                      0,
                      0,
                      0,
                      0,
                      0,
                      0,
                      0,
                      0,
                      0,
                      0,
                      0,
                      0,
                      0,
                      0,
                      0,
                      0,
                      0,
                      0,
                      0,
                      0,
                      0,
                      0,
                      0,
                      0,
                      0,
                      0,
                      250
                    ]
                  },
                  "quantiles": {
                    "bins": [
                      0,
                      0.01,
                      0.05,
                      0.25,
                      0.5,
                      0.75,
                      0.95,
                      0.99,
                      1
                    ],
                    "counts": [
                      1100,
                      1100,
                      1100,
                      1100,
                      2200,
                      2200,
                      2200,
                      2200,
                      2200
                    ]
                  }
                },
                "schemaSummary": {
                  "inference": {
                    "type": "FRACTION",
                    "ratio": 1,
                    "count": 500
                  },
                  "typeCounts": [
                    {
                      "type": "FRACTION",
                      "count": 500
                    },
                    {
                      "type": "UNKNOWN",
                      "count": 0
                    },
                    {
                      "type": "NULL",
                      "count": 0
                    },
                    {
                      "type": "INTEGER",
                      "count": 0
                    },
                    {
                      "type": "BOOLEAN",
                      "count": 0
                    },
                    {
                      "type": "TEXT",
                      "count": 0
                    }
                  ]
                }
              },
              {
                "id": "445cd484-f1a0-48a6-963b-f673c1ffb0e6",
                "featureName": "int",
                "booleanCount": 0,
                "integerCount": 500,
                "fractionCount": 0,
                "trueCount": 0,
                "createdAt": 1728950400000,
                "totalCount": 500,
                "nullCount": 0,
                "nullRatio": 0,
                "showAsDiscrete": true,
                "frequentItems": [
                  {
                    "value": "3",
                    "estimate": 500
                  }
                ],
                "uniqueCount": {
                  "upper": 1.000049929250618,
                  "estimate": 1,
                  "lower": 1
                },
                "numberSummary": {
                  "count": 500,
                  "min": 3,
                  "max": 3,
                  "mean": 3,
                  "stddev": 0,
                  "histogram": {
                    "bins": [
                      3,
                      3.0000000000000004,
                      3.000000000000001,
                      3.0000000000000013,
                      3.0000000000000018,
                      3.000000000000002,
                      3.0000000000000027,
                      3.000000000000003,
                      3.0000000000000036,
                      3.000000000000004,
                      3.0000000000000044,
                      3.000000000000005,
                      3.0000000000000053,
                      3.0000000000000058,
                      3.000000000000006,
                      3.0000000000000067,
                      3.000000000000007,
                      3.0000000000000075,
                      3.000000000000008,
                      3.0000000000000084,
                      3.000000000000009,
                      3.0000000000000093,
                      3.0000000000000098,
                      3.00000000000001,
                      3.0000000000000107,
                      3.000000000000011,
                      3.0000000000000115,
                      3.000000000000012,
                      3.0000000000000124,
                      3.000000000000013,
                      3
                    ],
                    "counts": [
                      500,
                      0,
                      0,
                      0,
                      0,
                      0,
                      0,
                      0,
                      0,
                      0,
                      0,
                      0,
                      0,
                      0,
                      0,
                      0,
                      0,
                      0,
                      0,
                      0,
                      0,
                      0,
                      0,
                      0,
                      0,
                      0,
                      0,
                      0,
                      0,
                      0
                    ]
                  },
                  "quantiles": {
                    "bins": [
                      0,
                      0.01,
                      0.05,
                      0.25,
                      0.5,
                      0.75,
                      0.95,
                      0.99,
                      1
                    ],
                    "counts": [
                      3,
                      3,
                      3,
                      3,
                      3,
                      3,
                      3,
                      3,
                      3
                    ]
                  }
                },
                "schemaSummary": {
                  "inference": {
                    "type": "INTEGER",
                    "ratio": 1,
                    "count": 500
                  },
                  "typeCounts": [
                    {
                      "type": "INTEGER",
                      "count": 500
                    },
                    {
                      "type": "UNKNOWN",
                      "count": 0
                    },
                    {
                      "type": "NULL",
                      "count": 0
                    },
                    {
                      "type": "FRACTION",
                      "count": 0
                    },
                    {
                      "type": "BOOLEAN",
                      "count": 0
                    },
                    {
                      "type": "TEXT",
                      "count": 0
                    }
                  ]
                }
              },
              {
                "id": "3be59ae6-ed1e-4b2a-8011-878a0b3693ef",
                "featureName": "output_target",
                "booleanCount": 0,
                "integerCount": 0,
                "fractionCount": 500,
                "trueCount": 0,
                "createdAt": 1728950400000,
                "totalCount": 500,
                "nullCount": 0,
                "nullRatio": 0,
                "showAsDiscrete": false,
                "frequentItems": [],
                "uniqueCount": {
                  "upper": 2.000099863468538,
                  "estimate": 2.000000004967054,
                  "lower": 2
                },
                "numberSummary": {
                  "count": 500,
                  "min": 1000,
                  "max": 2000,
                  "mean": 1500,
                  "stddev": 500.5008,
                  "histogram": {
                    "bins": [
                      1000,
                      1033.3333333333333,
                      1066.6666666666667,
                      1100,
                      1133.3333333333333,
                      1166.6666666666667,
                      1200,
                      1233.3333333333333,
                      1266.6666666666667,
                      1300,
                      1333.3333333333335,
                      1366.6666666666667,
                      1400,
                      1433.3333333333335,
                      1466.6666666666667,
                      1500,
                      1533.3333333333335,
                      1566.6666666666667,
                      1600,
                      1633.3333333333335,
                      1666.6666666666667,
                      1700,
                      1733.3333333333335,
                      1766.6666666666667,
                      1800,
                      1833.3333333333335,
                      1866.6666666666667,
                      1900,
                      1933.3333333333335,
                      1966.6666666666667,
                      2000
                    ],
                    "counts": [
                      250,
                      0,
                      0,
                      0,
                      0,
                      0,
                      0,
                      0,
                      0,
                      0,
                      0,
                      0,
                      0,
                      0,
                      0,
                      0,
                      0,
                      0,
                      0,
                      0,
                      0,
                      0,
                      0,
                      0,
                      0,
                      0,
                      0,
                      0,
                      0,
                      250
                    ]
                  },
                  "quantiles": {
                    "bins": [
                      0,
                      0.01,
                      0.05,
                      0.25,
                      0.5,
                      0.75,
                      0.95,
                      0.99,
                      1
                    ],
                    "counts": [
                      1000,
                      1000,
                      1000,
                      1000,
                      2000,
                      2000,
                      2000,
                      2000,
                      2000
                    ]
                  }
                },
                "schemaSummary": {
                  "inference": {
                    "type": "FRACTION",
                    "ratio": 1,
                    "count": 500
                  },
                  "typeCounts": [
                    {
                      "type": "FRACTION",
                      "count": 500
                    },
                    {
                      "type": "UNKNOWN",
                      "count": 0
                    },
                    {
                      "type": "NULL",
                      "count": 0
                    },
                    {
                      "type": "INTEGER",
                      "count": 0
                    },
                    {
                      "type": "BOOLEAN",
                      "count": 0
                    },
                    {
                      "type": "TEXT",
                      "count": 0
                    }
                  ]
                }
              }
            ]
          }
        }
      ],
      "referenceProfiles": [],
      "datasetMetrics": [
        {
          "name": "mean_squared_error"
        },
        {
          "name": "mean_absolute_error"
        },
        {
          "name": "root_mean_squared_error"
        }
      ],
      "outputs": [
        {
          "name": "output_prediction"
        },
        {
          "name": "output_target"
        }
      ]
    }
  }
}