{
  "data": {
    "model": {
      "id": "model-12",
      "name": "Regression model",
      "modelType": "REGRESSION",
      "batchFrequency": "P1D",
      "datasetMetrics": [
        {
          "name": "mean_squared_error",
          "values": [
            {
              "timestamp": 1728950400000,
              "value": 25000
            },
            {
              "timestamp": 1729036800000,
              "value": 25000
            },
            {
              "timestamp": 1729123200000,
              "value": 100000
            },
            {
              "timestamp": 1729209600000,
              "value": 100000
            },
            {
              "timestamp": 1729296000000,
              "value": 0
            },
            {
              "timestamp": 1729382400000,
              "value": 0
            }
          ]
        },
        {
          "name": "mean_absolute_error",
          "values": [
            {
              "timestamp": 1728950400000,
              "value": 150
            },
            {
              "timestamp": 1729036800000,
              "value": 150
            },
            {
              "timestamp": 1729123200000,
              "value": 300
            },
            {
              "timestamp": 1729209600000,
              "value": 300
            },
            {
              "timestamp": 1729296000000,
              "value": 0
            },
            {
              "timestamp": 1729382400000,
              "value": 0
            }
          ]
        },
        {
          "name": "root_mean_squared_error",
          "values": [
            {
              "timestamp": 1728950400000,
              "value": 158.11388300841898
            },
            {
              "timestamp": 1729036800000,
              "value": 158.11388300841898
            },
            {
              "timestamp": 1729123200000,
              "value": 316.22776601683796
            },
            {
              "timestamp": 1729209600000,
              "value": 316.22776601683796
            },
            {
              "timestamp": 1729296000000,
              "value": 0
            },
            {
              "timestamp": 1729382400000,
              "value": 0
            }
          ]
        }
      ],
      "dataAvailability": {
        "latestTimestamp": 1729526400000
      },
      "batches": [
        {
          "timestamp": 1728950400000,
          "inputCount": 500,
          "outputCount": 500,
          "metrics": {
            "confusion": null,
            "recallPrecision": null,
            "fprTpr": null
          }
        },
        {
          "timestamp": 1729036800000,
          "inputCount": 1000,
          "outputCount": 1000,
          "metrics": {
            "confusion": null,
            "recallPrecision": null,
            "fprTpr": null
          }
        },
        {
          "timestamp": 1729123200000,
          "inputCount": 1000,
          "outputCount": 1000,
          "metrics": {
            "confusion": null,
            "recallPrecision": null,
            "fprTpr": null
          }
        },
        {
          "timestamp": 1729209600000,
          "inputCount": 1000,
          "outputCount": 1000,
          "metrics": {
            "confusion": null,
            "recallPrecision": null,
            "fprTpr": null
          }
        },
        {
          "timestamp": 1729296000000,
          "inputCount": 1000,
          "outputCount": 1000,
          "metrics": {
            "confusion": null,
            "recallPrecision": null,
            "fprTpr": null
          }
        },
        {
          "timestamp": 1729382400000,
          "inputCount": 1000,
          "outputCount": 1000,
          "metrics": {
            "confusion": null,
            "recallPrecision": null,
            "fprTpr": null
          }
        }
      ]
    }
  }
}