{
  "data": {
    "analysisResults": [
      {
        "id": "63d0b888-3511-321e-8f8b-ccd6e0b0e369",
        "orgId": "org-9snDQm",
        "datasetId": "model-11",
        "targetLevel": "COLUMN",
        "column": "int-doublingnull",
        "isAnomaly": false,
        "isFalseAlarm": false,
        "analysisId": "bc9cc299-b2c2-35ef-8f00-02deb5a669c6",
        "tags": [],
        "runId": "dbaf1ad9-622c-4288-9b56-c1f750e7ae59",
        "metric": "COUNT_NULL_RATIO",
        "algorithm": null,
        "algorithmMode": null,
        "analyzerType": "stddev",
        "analyzerId": "missing-values-ratio-analyzer-d317bs",
        "creationTimestamp": 1732133725637,
        "datasetTimestamp": 1729382400000,
        "mostRecentDatasetDatalakeWriteTs": null,
        "threshold_absoluteLower": null,
        "threshold_absoluteUpper": null,
        "threshold_baselineMetricValue": null,
        "threshold_calculatedLower": 0.0426463787289875,
        "threshold_calculatedUpper": 0.257353621271013,
        "threshold_metricValue": 0.2,
        "threshold_factor": 1.96,
        "threshold_minBatchSize": 6
      },
      {
        "id": "10782e12-b853-3cf6-a60b-e9ed2eb4cec2",
        "orgId": "org-9snDQm",
        "datasetId": "model-11",
        "targetLevel": "COLUMN",
        "column": "int-doublingnull",
        "isAnomaly": false,
        "isFalseAlarm": false,
        "analysisId": "bc9cc299-b2c2-35ef-8f00-02deb5a669c6",
        "tags": [],
        "runId": "45623453-b4ad-4009-ac79-14b56f7aaf58",
        "metric": "COUNT_NULL_RATIO",
        "algorithm": null,
        "algorithmMode": null,
        "analyzerType": "stddev",
        "analyzerId": "missing-values-ratio-analyzer-d317bs",
        "creationTimestamp": 1730895963927,
        "datasetTimestamp": 1729382400000,
        "mostRecentDatasetDatalakeWriteTs": null,
        "threshold_absoluteLower": null,
        "threshold_absoluteUpper": null,
        "threshold_baselineMetricValue": null,
        "threshold_calculatedLower": 0.0426463787289875,
        "threshold_calculatedUpper": 0.257353621271013,
        "threshold_metricValue": 0.2,
        "threshold_factor": 1.96,
        "threshold_minBatchSize": 6
      },
      {
        "id": "888f5867-63e6-3517-abeb-fa8dcc7de48f",
        "orgId": "org-9snDQm",
        "datasetId": "model-11",
        "targetLevel": "COLUMN",
        "column": "int-doublingnull",
        "isAnomaly": false,
        "isFalseAlarm": false,
        "analysisId": "93939680-0e88-326e-a12e-c426cf7c11a3",
        "tags": [],
        "runId": "d42b1aca-33ae-480f-b804-aef836cc4c7d",
        "metric": "COUNT_NULL_RATIO",
        "algorithm": null,
        "algorithmMode": null,
        "analyzerType": "stddev",
        "analyzerId": "missing-values-ratio-analyzer-d317bs",
        "creationTimestamp": 1732133728649,
        "datasetTimestamp": 1729296000000,
        "mostRecentDatasetDatalakeWriteTs": null,
        "threshold_absoluteLower": null,
        "threshold_absoluteUpper": null,
        "threshold_baselineMetricValue": null,
        "threshold_calculatedLower": 0.0326463787289875,
        "threshold_calculatedUpper": 0.247353621271013,
        "threshold_metricValue": 0.2,
        "threshold_factor": 1.96,
        "threshold_minBatchSize": 5
      },
      {
        "id": "07710767-90e9-3cc5-a36c-a9d994a185f6",
        "orgId": "org-9snDQm",
        "datasetId": "model-11",
        "targetLevel": "COLUMN",
        "column": "int-doublingnull",
        "isAnomaly": false,
        "isFalseAlarm": false,
        "analysisId": "93939680-0e88-326e-a12e-c426cf7c11a3",
        "tags": [],
        "runId": "1d7a8502-e4ab-42b6-b3a8-2788497631fb",
        "metric": "COUNT_NULL_RATIO",
        "algorithm": null,
        "algorithmMode": null,
        "analyzerType": "stddev",
        "analyzerId": "missing-values-ratio-analyzer-d317bs",
        "creationTimestamp": 1730895906862,
        "datasetTimestamp": 1729296000000,
        "mostRecentDatasetDatalakeWriteTs": null,
        "threshold_absoluteLower": null,
        "threshold_absoluteUpper": null,
        "threshold_baselineMetricValue": null,
        "threshold_calculatedLower": 0.0326463787289875,
        "threshold_calculatedUpper": 0.247353621271013,
        "threshold_metricValue": 0.2,
        "threshold_factor": 1.96,
        "threshold_minBatchSize": 5
      },
      {
        "id": "e381fefe-d46e-351f-8eb7-bee8d6e6d8b8",
        "orgId": "org-9snDQm",
        "datasetId": "model-11",
        "targetLevel": "COLUMN",
        "column": "int-doublingnull",
        "isAnomaly": false,
        "isFalseAlarm": false,
        "analysisId": "5527c7dd-24fa-38c7-baa8-bdbf3b856df8",
        "tags": [],
        "runId": "abb7202e-a2cc-44b8-8763-0c8443125bd2",
        "metric": "COUNT_NULL_RATIO",
        "algorithm": null,
        "algorithmMode": null,
        "analyzerType": "stddev",
        "analyzerId": "missing-values-ratio-analyzer-d317bs",
        "creationTimestamp": 1730895844758,
        "datasetTimestamp": 1729209600000,
        "mostRecentDatasetDatalakeWriteTs": null,
        "threshold_absoluteLower": null,
        "threshold_absoluteUpper": null,
        "threshold_baselineMetricValue": null,
        "threshold_calculatedLower": 0.027,
        "threshold_calculatedUpper": 0.223,
        "threshold_metricValue": 0.2,
        "threshold_factor": 1.96,
        "threshold_minBatchSize": 4
      },
      {
        "id": "1998c85a-03c7-3e2c-b109-dd481219ed14",
        "orgId": "org-9snDQm",
        "datasetId": "model-11",
        "targetLevel": "COLUMN",
        "column": "int-doublingnull",
        "isAnomaly": false,
        "isFalseAlarm": false,
        "analysisId": "5527c7dd-24fa-38c7-baa8-bdbf3b856df8",
        "tags": [],
        "runId": "b4ce6691-2e8a-4eb1-ad7b-c6a85cbbecdd",
        "metric": "COUNT_NULL_RATIO",
        "algorithm": null,
        "algorithmMode": null,
        "analyzerType": "stddev",
        "analyzerId": "missing-values-ratio-analyzer-d317bs",
        "creationTimestamp": 1732133736022,
        "datasetTimestamp": 1729209600000,
        "mostRecentDatasetDatalakeWriteTs": null,
        "threshold_absoluteLower": null,
        "threshold_absoluteUpper": null,
        "threshold_baselineMetricValue": null,
        "threshold_calculatedLower": 0.027,
        "threshold_calculatedUpper": 0.223,
        "threshold_metricValue": 0.2,
        "threshold_factor": 1.96,
        "threshold_minBatchSize": 4
      },
      {
        "id": "bdc3b530-4278-3aab-bb02-5496483737b9",
        "orgId": "org-9snDQm",
        "datasetId": "model-11",
        "targetLevel": "COLUMN",
        "column": "int-doublingnull",
        "isAnomaly": true,
        "isFalseAlarm": false,
        "analysisId": "a22ccfa2-09e3-3260-93be-85b5388cda72",
        "tags": [],
        "runId": "65f1f375-e4d6-4d4a-9a3a-5eceb5898904",
        "metric": "COUNT_NULL_RATIO",
        "algorithm": null,
        "algorithmMode": null,
        "analyzerType": "stddev",
        "analyzerId": "missing-values-ratio-analyzer-d317bs",
        "creationTimestamp": 1730895782454,
        "datasetTimestamp": 1729123200000,
        "mostRecentDatasetDatalakeWriteTs": null,
        "threshold_absoluteLower": null,
        "threshold_absoluteUpper": null,
        "threshold_baselineMetricValue": null,
        "threshold_calculatedLower": 0.1,
        "threshold_calculatedUpper": 0.1,
        "threshold_metricValue": 0.2,
        "threshold_factor": 1.96,
        "threshold_minBatchSize": 3
      },
      {
        "id": "59b7bc1a-a353-3e8e-be17-a1939f68438f",
        "orgId": "org-9snDQm",
        "datasetId": "model-11",
        "targetLevel": "COLUMN",
        "column": "int-doublingnull",
        "isAnomaly": true,
        "isFalseAlarm": false,
        "analysisId": "a22ccfa2-09e3-3260-93be-85b5388cda72",
        "tags": [],
        "runId": "d1deb18c-8b8e-4c9d-9836-22ead8e951a2",
        "metric": "COUNT_NULL_RATIO",
        "algorithm": null,
        "algorithmMode": null,
        "analyzerType": "stddev",
        "analyzerId": "missing-values-ratio-analyzer-d317bs",
        "creationTimestamp": 1732133730160,
        "datasetTimestamp": 1729123200000,
        "mostRecentDatasetDatalakeWriteTs": null,
        "threshold_absoluteLower": null,
        "threshold_absoluteUpper": null,
        "threshold_baselineMetricValue": null,
        "threshold_calculatedLower": 0.1,
        "threshold_calculatedUpper": 0.1,
        "threshold_metricValue": 0.2,
        "threshold_factor": 1.96,
        "threshold_minBatchSize": 3
      }
    ]
  }
}