{
  "data": {
    "paginatedAnalysisResults": [
      {
        "id": "f8ae0df2-2064-3f09-a3e7-77f3b82a5864",
        "orgId": "org-9snDQm",
        "datasetId": "model-15",
        "runId": "2b78199a-24cc-459d-a61e-5e77181c977c",
        "creationTimestamp": 1730855681002,
        "datasetTimestamp": 1717200000000,
        "targetLevel": "DATASET",
        "category": "Performance",
        "column": "__internal__.datasetMetrics",
        "comparison_expected": null,
        "comparison_observed": null,
        "algorithm": null,
        "algorithmMode": null,
        "analysisId": "95333fe3-a9fc-33d1-a6eb-7cf2545d63fd",
        "analyzerId": "kind-midnightblue-fox-5724-analyzer",
        "analyzerConfigVersion": 1,
        "analyzerType": "diff",
        "monitorIds": [
          "kind-midnightblue-fox-5724"
        ],
        "isAnomaly": true,
        "isFalseAlarm": false,
        "granularity": "MONTHS",
        "metric": "CLASSIFICATION_PRECISION",
        "weight": null,
        "calculationRuntimeNano": 5536584,
        "columnList_added": null,
        "columnList_removed": null,
        "diff_metricValue": 21.8509601268425,
        "diff_mode": "pct",
        "diff_threshold": 10,
        "drift_metricValue": null,
        "drift_minBatchSize": null,
        "drift_threshold": null,
        "mostRecentDatasetDatalakeWriteTs": null,
        "threshold_absoluteLower": null,
        "threshold_absoluteUpper": null,
        "threshold_baselineMetricValue": null,
        "threshold_calculatedLower": 0.738607228915663,
        "threshold_calculatedUpper": 0.902742168674699,
        "threshold_metricValue": 1,
        "threshold_factor": null,
        "threshold_minBatchSize": null,
        "failureType": null,
        "failureExplanation": null,
        "tags": [
          {
            "key": "age",
            "value": "young"
          },
          {
            "key": "gender",
            "value": "female"
          },
          {
            "key": "loc",
            "value": "west"
          }
        ]
      },
      {
        "id": "2a7832e8-c410-310a-8c94-2a7489649c15",
        "orgId": "org-9snDQm",
        "datasetId": "model-15",
        "runId": "2b78199a-24cc-459d-a61e-5e77181c977c",
        "creationTimestamp": 1730855681379,
        "datasetTimestamp": 1717200000000,
        "targetLevel": "DATASET",
        "category": "Performance",
        "column": "__internal__.datasetMetrics",
        "comparison_expected": null,
        "comparison_observed": null,
        "algorithm": null,
        "algorithmMode": null,
        "analysisId": "1c9dbf84-c382-3c00-aa6a-9d3d146b2184",
        "analyzerId": "kind-midnightblue-fox-5724-analyzer",
        "analyzerConfigVersion": 1,
        "analyzerType": "diff",
        "monitorIds": [
          "kind-midnightblue-fox-5724"
        ],
        "isAnomaly": true,
        "isFalseAlarm": false,
        "granularity": "MONTHS",
        "metric": "CLASSIFICATION_PRECISION",
        "weight": null,
        "calculationRuntimeNano": 748160,
        "columnList_added": null,
        "columnList_removed": null,
        "diff_metricValue": 21.8509601268425,
        "diff_mode": "pct",
        "diff_threshold": 10,
        "drift_metricValue": null,
        "drift_minBatchSize": null,
        "drift_threshold": null,
        "mostRecentDatasetDatalakeWriteTs": null,
        "threshold_absoluteLower": null,
        "threshold_absoluteUpper": null,
        "threshold_baselineMetricValue": null,
        "threshold_calculatedLower": 0.738607228915663,
        "threshold_calculatedUpper": 0.902742168674699,
        "threshold_metricValue": 1,
        "threshold_factor": null,
        "threshold_minBatchSize": null,
        "failureType": null,
        "failureExplanation": null,
        "tags": [
          {
            "key": "age",
            "value": "young"
          },
          {
            "key": "gender",
            "value": "female"
          },
          {
            "key": "loc",
            "value": "south"
          }
        ]
      },
      {
        "id": "f6caa196-ba09-371f-b8bc-3be80337026e",
        "orgId": "org-9snDQm",
        "datasetId": "model-15",
        "runId": "2b78199a-24cc-459d-a61e-5e77181c977c",
        "creationTimestamp": 1730855680947,
        "datasetTimestamp": 1717200000000,
        "targetLevel": "DATASET",
        "category": "Performance",
        "column": "__internal__.datasetMetrics",
        "comparison_expected": null,
        "comparison_observed": null,
        "algorithm": null,
        "algorithmMode": null,
        "analysisId": "dc7274c5-06d3-392b-a381-d9d4fc9be461",
        "analyzerId": "kind-midnightblue-fox-5724-analyzer",
        "analyzerConfigVersion": 1,
        "analyzerType": "diff",
        "monitorIds": [
          "kind-midnightblue-fox-5724"
        ],
        "isAnomaly": true,
        "isFalseAlarm": false,
        "granularity": "MONTHS",
        "metric": "CLASSIFICATION_PRECISION",
        "weight": null,
        "calculationRuntimeNano": 5699875,
        "columnList_added": null,
        "columnList_removed": null,
        "diff_metricValue": 21.8509601268425,
        "diff_mode": "pct",
        "diff_threshold": 10,
        "drift_metricValue": null,
        "drift_minBatchSize": null,
        "drift_threshold": null,
        "mostRecentDatasetDatalakeWriteTs": null,
        "threshold_absoluteLower": null,
        "threshold_absoluteUpper": null,
        "threshold_baselineMetricValue": null,
        "threshold_calculatedLower": 0.738607228915663,
        "threshold_calculatedUpper": 0.902742168674699,
        "threshold_metricValue": 1,
        "threshold_factor": null,
        "threshold_minBatchSize": null,
        "failureType": null,
        "failureExplanation": null,
        "tags": [
          {
            "key": "age",
            "value": "young"
          },
          {
            "key": "gender",
            "value": "female"
          },
          {
            "key": "loc",
            "value": "north"
          }
        ]
      },
      {
        "id": "d3cbc851-53ac-3f4b-a323-697ad9a630ac",
        "orgId": "org-9snDQm",
        "datasetId": "model-15",
        "runId": "2b78199a-24cc-459d-a61e-5e77181c977c",
        "creationTimestamp": 1730855680776,
        "datasetTimestamp": 1717200000000,
        "targetLevel": "DATASET",
        "category": "Performance",
        "column": "__internal__.datasetMetrics",
        "comparison_expected": null,
        "comparison_observed": null,
        "algorithm": null,
        "algorithmMode": null,
        "analysisId": "28d64a2a-0c24-3a30-9a15-302214b63c51",
        "analyzerId": "kind-midnightblue-fox-5724-analyzer",
        "analyzerConfigVersion": 1,
        "analyzerType": "diff",
        "monitorIds": [
          "kind-midnightblue-fox-5724"
        ],
        "isAnomaly": true,
        "isFalseAlarm": false,
        "granularity": "MONTHS",
        "metric": "CLASSIFICATION_PRECISION",
        "weight": null,
        "calculationRuntimeNano": 6721554,
        "columnList_added": null,
        "columnList_removed": null,
        "diff_metricValue": 21.8509601268425,
        "diff_mode": "pct",
        "diff_threshold": 10,
        "drift_metricValue": null,
        "drift_minBatchSize": null,
        "drift_threshold": null,
        "mostRecentDatasetDatalakeWriteTs": null,
        "threshold_absoluteLower": null,
        "threshold_absoluteUpper": null,
        "threshold_baselineMetricValue": null,
        "threshold_calculatedLower": 0.738607228915663,
        "threshold_calculatedUpper": 0.902742168674699,
        "threshold_metricValue": 1,
        "threshold_factor": null,
        "threshold_minBatchSize": null,
        "failureType": null,
        "failureExplanation": null,
        "tags": [
          {
            "key": "age",
            "value": "old"
          },
          {
            "key": "gender",
            "value": "male"
          },
          {
            "key": "loc",
            "value": "west"
          }
        ]
      },
      {
        "id": "00b1835a-6add-3067-85dc-c62d11edae4f",
        "orgId": "org-9snDQm",
        "datasetId": "model-15",
        "runId": "2b78199a-24cc-459d-a61e-5e77181c977c",
        "creationTimestamp": 1730855681168,
        "datasetTimestamp": 1717200000000,
        "targetLevel": "DATASET",
        "category": "Performance",
        "column": "__internal__.datasetMetrics",
        "comparison_expected": null,
        "comparison_observed": null,
        "algorithm": null,
        "algorithmMode": null,
        "analysisId": "3b228750-34cf-39e0-948d-96a43cc64408",
        "analyzerId": "kind-midnightblue-fox-5724-analyzer",
        "analyzerConfigVersion": 1,
        "analyzerType": "diff",
        "monitorIds": [
          "kind-midnightblue-fox-5724"
        ],
        "isAnomaly": true,
        "isFalseAlarm": false,
        "granularity": "MONTHS",
        "metric": "CLASSIFICATION_PRECISION",
        "weight": null,
        "calculationRuntimeNano": 5829398,
        "columnList_added": null,
        "columnList_removed": null,
        "diff_metricValue": 21.8509601268425,
        "diff_mode": "pct",
        "diff_threshold": 10,
        "drift_metricValue": null,
        "drift_minBatchSize": null,
        "drift_threshold": null,
        "mostRecentDatasetDatalakeWriteTs": null,
        "threshold_absoluteLower": null,
        "threshold_absoluteUpper": null,
        "threshold_baselineMetricValue": null,
        "threshold_calculatedLower": 0.738607228915663,
        "threshold_calculatedUpper": 0.902742168674699,
        "threshold_metricValue": 1,
        "threshold_factor": null,
        "threshold_minBatchSize": null,
        "failureType": null,
        "failureExplanation": null,
        "tags": [
          {
            "key": "age",
            "value": "old"
          },
          {
            "key": "gender",
            "value": "male"
          },
          {
            "key": "loc",
            "value": "south"
          }
        ]
      },
      {
        "id": "b8216b60-9e0d-35bf-8478-1079ddf59649",
        "orgId": "org-9snDQm",
        "datasetId": "model-15",
        "runId": "2b78199a-24cc-459d-a61e-5e77181c977c",
        "creationTimestamp": 1730855681224,
        "datasetTimestamp": 1717200000000,
        "targetLevel": "DATASET",
        "category": "Performance",
        "column": "__internal__.datasetMetrics",
        "comparison_expected": null,
        "comparison_observed": null,
        "algorithm": null,
        "algorithmMode": null,
        "analysisId": "39642647-e6b7-3fdc-8d71-2584a76adf4d",
        "analyzerId": "kind-midnightblue-fox-5724-analyzer",
        "analyzerConfigVersion": 1,
        "analyzerType": "diff",
        "monitorIds": [
          "kind-midnightblue-fox-5724"
        ],
        "isAnomaly": true,
        "isFalseAlarm": false,
        "granularity": "MONTHS",
        "metric": "CLASSIFICATION_PRECISION",
        "weight": null,
        "calculationRuntimeNano": 6103947,
        "columnList_added": null,
        "columnList_removed": null,
        "diff_metricValue": 22.4489795918368,
        "diff_mode": "pct",
        "diff_threshold": 10,
        "drift_metricValue": null,
        "drift_minBatchSize": null,
        "drift_threshold": null,
        "mostRecentDatasetDatalakeWriteTs": null,
        "threshold_absoluteLower": null,
        "threshold_absoluteUpper": null,
        "threshold_baselineMetricValue": null,
        "threshold_calculatedLower": 0.735,
        "threshold_calculatedUpper": 0.898333333333333,
        "threshold_metricValue": 1,
        "threshold_factor": null,
        "threshold_minBatchSize": null,
        "failureType": null,
        "failureExplanation": null,
        "tags": [
          {
            "key": "age",
            "value": "old"
          },
          {
            "key": "gender",
            "value": "male"
          },
          {
            "key": "loc",
            "value": "north"
          }
        ]
      },
      {
        "id": "553dfb79-1ecc-3fcc-bf2b-36e57fa35aae",
        "orgId": "org-9snDQm",
        "datasetId": "model-15",
        "runId": "2b78199a-24cc-459d-a61e-5e77181c977c",
        "creationTimestamp": 1730855681332,
        "datasetTimestamp": 1717200000000,
        "targetLevel": "DATASET",
        "category": "Performance",
        "column": "__internal__.datasetMetrics",
        "comparison_expected": null,
        "comparison_observed": null,
        "algorithm": null,
        "algorithmMode": null,
        "analysisId": "b237e13e-bcfb-3eb9-babd-f8c1c275b35c",
        "analyzerId": "kind-midnightblue-fox-5724-analyzer",
        "analyzerConfigVersion": 1,
        "analyzerType": "diff",
        "monitorIds": [
          "kind-midnightblue-fox-5724"
        ],
        "isAnomaly": true,
        "isFalseAlarm": false,
        "granularity": "MONTHS",
        "metric": "CLASSIFICATION_PRECISION",
        "weight": null,
        "calculationRuntimeNano": 719255,
        "columnList_added": null,
        "columnList_removed": null,
        "diff_metricValue": 21.8509601268425,
        "diff_mode": "pct",
        "diff_threshold": 10,
        "drift_metricValue": null,
        "drift_minBatchSize": null,
        "drift_threshold": null,
        "mostRecentDatasetDatalakeWriteTs": null,
        "threshold_absoluteLower": null,
        "threshold_absoluteUpper": null,
        "threshold_baselineMetricValue": null,
        "threshold_calculatedLower": 0.738607228915663,
        "threshold_calculatedUpper": 0.902742168674699,
        "threshold_metricValue": 1,
        "threshold_factor": null,
        "threshold_minBatchSize": null,
        "failureType": null,
        "failureExplanation": null,
        "tags": [
          {
            "key": "age",
            "value": "old"
          },
          {
            "key": "gender",
            "value": "male"
          },
          {
            "key": "loc",
            "value": "east"
          }
        ]
      },
      {
        "id": "09827891-1441-337a-80ba-ea610877bf7d",
        "orgId": "org-9snDQm",
        "datasetId": "model-15",
        "runId": "2b78199a-24cc-459d-a61e-5e77181c977c",
        "creationTimestamp": 1730855681279,
        "datasetTimestamp": 1717200000000,
        "targetLevel": "DATASET",
        "category": "Performance",
        "column": "__internal__.datasetMetrics",
        "comparison_expected": null,
        "comparison_observed": null,
        "algorithm": null,
        "algorithmMode": null,
        "analysisId": "49358c7a-39d6-3c27-8c0a-f3addb6f1abd",
        "analyzerId": "kind-midnightblue-fox-5724-analyzer",
        "analyzerConfigVersion": 1,
        "analyzerType": "diff",
        "monitorIds": [
          "kind-midnightblue-fox-5724"
        ],
        "isAnomaly": true,
        "isFalseAlarm": false,
        "granularity": "MONTHS",
        "metric": "CLASSIFICATION_PRECISION",
        "weight": null,
        "calculationRuntimeNano": 6586861,
        "columnList_added": null,
        "columnList_removed": null,
        "diff_metricValue": 21.8509601268425,
        "diff_mode": "pct",
        "diff_threshold": 10,
        "drift_metricValue": null,
        "drift_minBatchSize": null,
        "drift_threshold": null,
        "mostRecentDatasetDatalakeWriteTs": null,
        "threshold_absoluteLower": null,
        "threshold_absoluteUpper": null,
        "threshold_baselineMetricValue": null,
        "threshold_calculatedLower": 0.738607228915663,
        "threshold_calculatedUpper": 0.902742168674699,
        "threshold_metricValue": 1,
        "threshold_factor": null,
        "threshold_minBatchSize": null,
        "failureType": null,
        "failureExplanation": null,
        "tags": [
          {
            "key": "age",
            "value": "old"
          },
          {
            "key": "gender",
            "value": "female"
          },
          {
            "key": "loc",
            "value": "west"
          }
        ]
      },
      {
        "id": "df77378a-5d10-3aa1-9bfe-8d39dc6e6083",
        "orgId": "org-9snDQm",
        "datasetId": "model-15",
        "runId": "2b78199a-24cc-459d-a61e-5e77181c977c",
        "creationTimestamp": 1730855680835,
        "datasetTimestamp": 1717200000000,
        "targetLevel": "DATASET",
        "category": "Performance",
        "column": "__internal__.datasetMetrics",
        "comparison_expected": null,
        "comparison_observed": null,
        "algorithm": null,
        "algorithmMode": null,
        "analysisId": "57e31589-70be-3dc7-95ae-b301af451e7e",
        "analyzerId": "kind-midnightblue-fox-5724-analyzer",
        "analyzerConfigVersion": 1,
        "analyzerType": "diff",
        "monitorIds": [
          "kind-midnightblue-fox-5724"
        ],
        "isAnomaly": true,
        "isFalseAlarm": false,
        "granularity": "MONTHS",
        "metric": "CLASSIFICATION_PRECISION",
        "weight": null,
        "calculationRuntimeNano": 5924842,
        "columnList_added": null,
        "columnList_removed": null,
        "diff_metricValue": 21.8509601268425,
        "diff_mode": "pct",
        "diff_threshold": 10,
        "drift_metricValue": null,
        "drift_minBatchSize": null,
        "drift_threshold": null,
        "mostRecentDatasetDatalakeWriteTs": null,
        "threshold_absoluteLower": null,
        "threshold_absoluteUpper": null,
        "threshold_baselineMetricValue": null,
        "threshold_calculatedLower": 0.738607228915663,
        "threshold_calculatedUpper": 0.902742168674699,
        "threshold_metricValue": 1,
        "threshold_factor": null,
        "threshold_minBatchSize": null,
        "failureType": null,
        "failureExplanation": null,
        "tags": [
          {
            "key": "age",
            "value": "old"
          },
          {
            "key": "gender",
            "value": "female"
          },
          {
            "key": "loc",
            "value": "south"
          }
        ]
      },
      {
        "id": "b09d6731-d8f7-382a-8ce0-16b5e6328deb",
        "orgId": "org-9snDQm",
        "datasetId": "model-15",
        "runId": "2b78199a-24cc-459d-a61e-5e77181c977c",
        "creationTimestamp": 1730855681113,
        "datasetTimestamp": 1717200000000,
        "targetLevel": "DATASET",
        "category": "Performance",
        "column": "__internal__.datasetMetrics",
        "comparison_expected": null,
        "comparison_observed": null,
        "algorithm": null,
        "algorithmMode": null,
        "analysisId": "7862ea02-fcf2-3e91-bffc-f781e65575af",
        "analyzerId": "kind-midnightblue-fox-5724-analyzer",
        "analyzerConfigVersion": 1,
        "analyzerType": "diff",
        "monitorIds": [
          "kind-midnightblue-fox-5724"
        ],
        "isAnomaly": true,
        "isFalseAlarm": false,
        "granularity": "MONTHS",
        "metric": "CLASSIFICATION_PRECISION",
        "weight": null,
        "calculationRuntimeNano": 5711476,
        "columnList_added": null,
        "columnList_removed": null,
        "diff_metricValue": 21.8509601268425,
        "diff_mode": "pct",
        "diff_threshold": 10,
        "drift_metricValue": null,
        "drift_minBatchSize": null,
        "drift_threshold": null,
        "mostRecentDatasetDatalakeWriteTs": null,
        "threshold_absoluteLower": null,
        "threshold_absoluteUpper": null,
        "threshold_baselineMetricValue": null,
        "threshold_calculatedLower": 0.738607228915663,
        "threshold_calculatedUpper": 0.902742168674699,
        "threshold_metricValue": 1,
        "threshold_factor": null,
        "threshold_minBatchSize": null,
        "failureType": null,
        "failureExplanation": null,
        "tags": [
          {
            "key": "age",
            "value": "old"
          },
          {
            "key": "gender",
            "value": "female"
          },
          {
            "key": "loc",
            "value": "east"
          }
        ]
      },
      {
        "id": "e1926712-92c7-31f5-9597-ee0cd5faeb87",
        "orgId": "org-9snDQm",
        "datasetId": "model-15",
        "runId": "017479a3-2b25-492f-8d6a-b297a7ad7e90",
        "creationTimestamp": 1730881261658,
        "datasetTimestamp": 1717200000000,
        "targetLevel": "DATASET",
        "category": "Performance",
        "column": "__internal__.datasetMetrics",
        "comparison_expected": null,
        "comparison_observed": null,
        "algorithm": null,
        "algorithmMode": null,
        "analysisId": "bd374af7-cc60-3802-bdfb-e6a752797834",
        "analyzerId": "class-recall-analyzer-jr25x2",
        "analyzerConfigVersion": 1,
        "analyzerType": "diff",
        "monitorIds": [
          "class-recall-monitor-jr25x2"
        ],
        "isAnomaly": true,
        "isFalseAlarm": false,
        "granularity": "MONTHS",
        "metric": "CLASSIFICATION_RECALL",
        "weight": null,
        "calculationRuntimeNano": 8685169,
        "columnList_added": null,
        "columnList_removed": null,
        "diff_metricValue": 22.1597799488632,
        "diff_mode": "pct",
        "diff_threshold": 10,
        "drift_metricValue": null,
        "drift_minBatchSize": null,
        "drift_threshold": null,
        "mostRecentDatasetDatalakeWriteTs": null,
        "threshold_absoluteLower": null,
        "threshold_absoluteUpper": null,
        "threshold_baselineMetricValue": null,
        "threshold_calculatedLower": 0.69541237351925,
        "threshold_calculatedUpper": 0.849948456523527,
        "threshold_metricValue": 0.943904694698091,
        "threshold_factor": null,
        "threshold_minBatchSize": null,
        "failureType": null,
        "failureExplanation": null,
        "tags": []
      },
      {
        "id": "b3d127a6-c7b1-30e6-827f-1e7627cc7ea8",
        "orgId": "org-9snDQm",
        "datasetId": "model-15",
        "runId": "5577d0cd-5c9a-4a36-8295-0ba109a9f509",
        "creationTimestamp": 1730877225871,
        "datasetTimestamp": 1717200000000,
        "targetLevel": "DATASET",
        "category": "Performance",
        "column": "__internal__.datasetMetrics",
        "comparison_expected": null,
        "comparison_observed": null,
        "algorithm": null,
        "algorithmMode": null,
        "analysisId": "76f43037-f1da-3471-95ab-dee24cdfe61b",
        "analyzerId": "class-precision-analyzer-ikac9b",
        "analyzerConfigVersion": 1,
        "analyzerType": "diff",
        "monitorIds": [
          "class-precision-monitor-ikac9b"
        ],
        "isAnomaly": true,
        "isFalseAlarm": false,
        "granularity": "MONTHS",
        "metric": "CLASSIFICATION_PRECISION",
        "weight": null,
        "calculationRuntimeNano": 5616192,
        "columnList_added": null,
        "columnList_removed": null,
        "diff_metricValue": 19.3240546687542,
        "diff_mode": "pct",
        "diff_threshold": 10,
        "drift_metricValue": null,
        "drift_minBatchSize": null,
        "drift_threshold": null,
        "mostRecentDatasetDatalakeWriteTs": null,
        "threshold_absoluteLower": null,
        "threshold_absoluteUpper": null,
        "threshold_baselineMetricValue": null,
        "threshold_calculatedLower": 0.712999031398094,
        "threshold_calculatedUpper": 0.87144326059767,
        "threshold_metricValue": 0.945310393347944,
        "threshold_factor": null,
        "threshold_minBatchSize": null,
        "failureType": null,
        "failureExplanation": null,
        "tags": []
      }
    ]
  }
}