{
  "data": {
    "paginatedAnalysisResults": [
      {
        "id": "2269857e-3926-39bf-b5cb-09d665164b85",
        "orgId": "org-9snDQm",
        "datasetId": "model-11",
        "runId": "62cc5c5a-4b5c-42a2-a219-4727a0980ac3",
        "creationTimestamp": 1730898968182,
        "datasetTimestamp": 1729296000000,
        "targetLevel": "COLUMN",
        "category": "DataDrift",
        "column": "alldifffloat",
        "comparison_expected": null,
        "comparison_observed": null,
        "algorithm": "hellinger",
        "algorithmMode": "histogram",
        "analysisId": "a63e1ccc-014b-309c-bb08-61a25cec50ea",
        "analyzerId": "numerical-drift-analyzer-l7kos1",
        "analyzerConfigVersion": 2,
        "analyzerType": "drift",
        "monitorIds": [
          "numerical-drift-monitor-l7kos1"
        ],
        "isAnomaly": true,
        "isFalseAlarm": false,
        "granularity": "DAYS",
        "metric": "HISTOGRAM",
        "weight": null,
        "calculationRuntimeNano": 288380,
        "columnList_added": null,
        "columnList_removed": null,
        "diff_metricValue": null,
        "diff_mode": null,
        "diff_threshold": null,
        "drift_metricValue": 1,
        "drift_minBatchSize": null,
        "drift_threshold": 0.7,
        "mostRecentDatasetDatalakeWriteTs": null,
        "threshold_absoluteLower": null,
        "threshold_absoluteUpper": null,
        "threshold_baselineMetricValue": null,
        "threshold_calculatedLower": null,
        "threshold_calculatedUpper": null,
        "threshold_metricValue": null,
        "threshold_factor": null,
        "threshold_minBatchSize": null,
        "failureType": null,
        "failureExplanation": null,
        "tags": []
      },
      {
        "id": "698c49c7-d970-317c-917d-792d418d83e3",
        "orgId": "org-9snDQm",
        "datasetId": "model-11",
        "runId": "6d89b0aa-291d-4aa5-9844-1b0f868c5525",
        "creationTimestamp": 1730898252099,
        "datasetTimestamp": 1729296000000,
        "targetLevel": "COLUMN",
        "category": "DataQuality",
        "column": "alldiffint",
        "comparison_expected": null,
        "comparison_observed": null,
        "algorithm": null,
        "algorithmMode": null,
        "analysisId": "ddb3b0a4-22ad-3308-a9cc-1da31a802435",
        "analyzerId": "unique-estimate-ratio-analyzer-l0ypa9",
        "analyzerConfigVersion": 1,
        "analyzerType": "stddev",
        "monitorIds": [
          "unique-estimate-ratio-monitor-l0ypa9"
        ],
        "isAnomaly": true,
        "isFalseAlarm": false,
        "granularity": "DAYS",
        "metric": "UNIQUE_EST_RATIO",
        "weight": null,
        "calculationRuntimeNano": 55770,
        "columnList_added": null,
        "columnList_removed": null,
        "diff_metricValue": null,
        "diff_mode": null,
        "diff_threshold": null,
        "drift_metricValue": null,
        "drift_minBatchSize": null,
        "drift_threshold": null,
        "mostRecentDatasetDatalakeWriteTs": null,
        "threshold_absoluteLower": null,
        "threshold_absoluteUpper": null,
        "threshold_baselineMetricValue": null,
        "threshold_calculatedLower": 0.983307011453156,
        "threshold_calculatedUpper": 0.999114518232543,
        "threshold_metricValue": 1.00077256484103,
        "threshold_factor": 1.96,
        "threshold_minBatchSize": 5,
        "failureType": null,
        "failureExplanation": null,
        "tags": []
      },
      {
        "id": "0c46e05b-4088-3d15-b39b-33673a72651f",
        "orgId": "org-9snDQm",
        "datasetId": "model-11",
        "runId": "1ecdafff-9113-44e6-bfad-144262300d38",
        "creationTimestamp": 1732133726936,
        "datasetTimestamp": 1729296000000,
        "targetLevel": "COLUMN",
        "category": "DataDrift",
        "column": "alldiffint",
        "comparison_expected": null,
        "comparison_observed": null,
        "algorithm": "hellinger",
        "algorithmMode": "histogram",
        "analysisId": "6800446e-f95d-3b5f-a48d-71545f01bac9",
        "analyzerId": "numerical-drift-analyzer-l7kos1",
        "analyzerConfigVersion": 2,
        "analyzerType": "drift",
        "monitorIds": [
          "numerical-drift-monitor-l7kos1"
        ],
        "isAnomaly": true,
        "isFalseAlarm": false,
        "granularity": "DAYS",
        "metric": "HISTOGRAM",
        "weight": null,
        "calculationRuntimeNano": 261199,
        "columnList_added": null,
        "columnList_removed": null,
        "diff_metricValue": null,
        "diff_mode": null,
        "diff_threshold": null,
        "drift_metricValue": 1,
        "drift_minBatchSize": null,
        "drift_threshold": 0.7,
        "mostRecentDatasetDatalakeWriteTs": null,
        "threshold_absoluteLower": null,
        "threshold_absoluteUpper": null,
        "threshold_baselineMetricValue": null,
        "threshold_calculatedLower": null,
        "threshold_calculatedUpper": null,
        "threshold_metricValue": null,
        "threshold_factor": null,
        "threshold_minBatchSize": null,
        "failureType": null,
        "failureExplanation": null,
        "tags": []
      },
      {
        "id": "661826c7-f848-3258-b0db-0396a5384a8b",
        "orgId": "org-9snDQm",
        "datasetId": "model-11",
        "runId": "62cc5c5a-4b5c-42a2-a219-4727a0980ac3",
        "creationTimestamp": 1730898968182,
        "datasetTimestamp": 1729296000000,
        "targetLevel": "COLUMN",
        "category": "DataDrift",
        "column": "alldiffint",
        "comparison_expected": null,
        "comparison_observed": null,
        "algorithm": "hellinger",
        "algorithmMode": "histogram",
        "analysisId": "6800446e-f95d-3b5f-a48d-71545f01bac9",
        "analyzerId": "numerical-drift-analyzer-l7kos1",
        "analyzerConfigVersion": 2,
        "analyzerType": "drift",
        "monitorIds": [
          "numerical-drift-monitor-l7kos1"
        ],
        "isAnomaly": true,
        "isFalseAlarm": false,
        "granularity": "DAYS",
        "metric": "HISTOGRAM",
        "weight": null,
        "calculationRuntimeNano": 337537,
        "columnList_added": null,
        "columnList_removed": null,
        "diff_metricValue": null,
        "diff_mode": null,
        "diff_threshold": null,
        "drift_metricValue": 1,
        "drift_minBatchSize": null,
        "drift_threshold": 0.7,
        "mostRecentDatasetDatalakeWriteTs": null,
        "threshold_absoluteLower": null,
        "threshold_absoluteUpper": null,
        "threshold_baselineMetricValue": null,
        "threshold_calculatedLower": null,
        "threshold_calculatedUpper": null,
        "threshold_metricValue": null,
        "threshold_factor": null,
        "threshold_minBatchSize": null,
        "failureType": null,
        "failureExplanation": null,
        "tags": []
      },
      {
        "id": "2323cc07-6324-398b-973b-8de26cafb605",
        "orgId": "org-9snDQm",
        "datasetId": "model-11",
        "runId": "1ecdafff-9113-44e6-bfad-144262300d38",
        "creationTimestamp": 1732133726963,
        "datasetTimestamp": 1729296000000,
        "targetLevel": "COLUMN",
        "category": "DataDrift",
        "column": "alldifffloat",
        "comparison_expected": null,
        "comparison_observed": null,
        "algorithm": "hellinger",
        "algorithmMode": "histogram",
        "analysisId": "a63e1ccc-014b-309c-bb08-61a25cec50ea",
        "analyzerId": "numerical-drift-analyzer-l7kos1",
        "analyzerConfigVersion": 2,
        "analyzerType": "drift",
        "monitorIds": [
          "numerical-drift-monitor-l7kos1"
        ],
        "isAnomaly": true,
        "isFalseAlarm": false,
        "granularity": "DAYS",
        "metric": "HISTOGRAM",
        "weight": null,
        "calculationRuntimeNano": 242032,
        "columnList_added": null,
        "columnList_removed": null,
        "diff_metricValue": null,
        "diff_mode": null,
        "diff_threshold": null,
        "drift_metricValue": 1,
        "drift_minBatchSize": null,
        "drift_threshold": 0.7,
        "mostRecentDatasetDatalakeWriteTs": null,
        "threshold_absoluteLower": null,
        "threshold_absoluteUpper": null,
        "threshold_baselineMetricValue": null,
        "threshold_calculatedLower": null,
        "threshold_calculatedUpper": null,
        "threshold_metricValue": null,
        "threshold_factor": null,
        "threshold_minBatchSize": null,
        "failureType": null,
        "failureExplanation": null,
        "tags": []
      },
      {
        "id": "65b7a9d1-0f91-3320-8607-c2f0ff9e0a16",
        "orgId": "org-9snDQm",
        "datasetId": "model-11",
        "runId": "7fddfb34-a37f-44cf-9f58-f0639d869562",
        "creationTimestamp": 1732133728798,
        "datasetTimestamp": 1729296000000,
        "targetLevel": "COLUMN",
        "category": "DataQuality",
        "column": "strthenint",
        "comparison_expected": "STRING",
        "comparison_observed": "INTEGRAL",
        "algorithm": null,
        "algorithmMode": null,
        "analysisId": "22223703-fd8e-3d77-b927-9e4af2147aab",
        "analyzerId": "inferred-data-type-analyzer-acsmaf",
        "analyzerConfigVersion": 1,
        "analyzerType": "comparison",
        "monitorIds": [
          "inferred-data-type-monitor-acsmaf"
        ],
        "isAnomaly": true,
        "isFalseAlarm": false,
        "granularity": "DAYS",
        "metric": "INFERRED_DATA_TYPE",
        "weight": null,
        "calculationRuntimeNano": 46902,
        "columnList_added": null,
        "columnList_removed": null,
        "diff_metricValue": null,
        "diff_mode": null,
        "diff_threshold": null,
        "drift_metricValue": null,
        "drift_minBatchSize": null,
        "drift_threshold": null,
        "mostRecentDatasetDatalakeWriteTs": null,
        "threshold_absoluteLower": null,
        "threshold_absoluteUpper": null,
        "threshold_baselineMetricValue": null,
        "threshold_calculatedLower": null,
        "threshold_calculatedUpper": null,
        "threshold_metricValue": null,
        "threshold_factor": null,
        "threshold_minBatchSize": null,
        "failureType": null,
        "failureExplanation": null,
        "tags": []
      },
      {
        "id": "fe4aef98-f61c-36c0-9be5-94709367a294",
        "orgId": "org-9snDQm",
        "datasetId": "model-11",
        "runId": "091a993c-eba7-47a5-8319-ec3f974a82f4",
        "creationTimestamp": 1730869303994,
        "datasetTimestamp": 1729296000000,
        "targetLevel": "DATASET",
        "category": "Ingestion",
        "column": "__internal__.datasetMetrics",
        "comparison_expected": null,
        "comparison_observed": null,
        "algorithm": null,
        "algorithmMode": null,
        "analysisId": "3c5275b4-584f-361e-9ba8-be6e68404958",
        "analyzerId": "rich-orange-worm-8262-analyzer",
        "analyzerConfigVersion": 5,
        "analyzerType": "fixed",
        "monitorIds": [
          "rich-orange-worm-8262"
        ],
        "isAnomaly": true,
        "isFalseAlarm": false,
        "granularity": "DAYS",
        "metric": "SECONDS_SINCE_LAST_UPLOAD",
        "weight": null,
        "calculationRuntimeNano": 7709481208,
        "columnList_added": null,
        "columnList_removed": null,
        "diff_metricValue": null,
        "diff_mode": null,
        "diff_threshold": null,
        "drift_metricValue": null,
        "drift_minBatchSize": null,
        "drift_threshold": null,
        "mostRecentDatasetDatalakeWriteTs": null,
        "threshold_absoluteLower": null,
        "threshold_absoluteUpper": 172800,
        "threshold_baselineMetricValue": null,
        "threshold_calculatedLower": null,
        "threshold_calculatedUpper": null,
        "threshold_metricValue": 362306,
        "threshold_factor": null,
        "threshold_minBatchSize": null,
        "failureType": null,
        "failureExplanation": null,
        "tags": []
      },
      {
        "id": "cd9b1629-d55d-3d14-b478-5fce5ef44a6a",
        "orgId": "org-9snDQm",
        "datasetId": "model-11",
        "runId": "e37b6ecf-43e4-4895-aed1-345ddbde291d",
        "creationTimestamp": 1732133728599,
        "datasetTimestamp": 1729296000000,
        "targetLevel": "COLUMN",
        "category": "DataQuality",
        "column": "alldiffint",
        "comparison_expected": null,
        "comparison_observed": null,
        "algorithm": null,
        "algorithmMode": null,
        "analysisId": "ddb3b0a4-22ad-3308-a9cc-1da31a802435",
        "analyzerId": "unique-estimate-ratio-analyzer-l0ypa9",
        "analyzerConfigVersion": 1,
        "analyzerType": "stddev",
        "monitorIds": [
          "unique-estimate-ratio-monitor-l0ypa9"
        ],
        "isAnomaly": true,
        "isFalseAlarm": false,
        "granularity": "DAYS",
        "metric": "UNIQUE_EST_RATIO",
        "weight": null,
        "calculationRuntimeNano": 24368,
        "columnList_added": null,
        "columnList_removed": null,
        "diff_metricValue": null,
        "diff_mode": null,
        "diff_threshold": null,
        "drift_metricValue": null,
        "drift_minBatchSize": null,
        "drift_threshold": null,
        "mostRecentDatasetDatalakeWriteTs": null,
        "threshold_absoluteLower": null,
        "threshold_absoluteUpper": null,
        "threshold_baselineMetricValue": null,
        "threshold_calculatedLower": 0.983307011453156,
        "threshold_calculatedUpper": 0.999114518232543,
        "threshold_metricValue": 1.00077256484103,
        "threshold_factor": 1.96,
        "threshold_minBatchSize": 5,
        "failureType": null,
        "failureExplanation": null,
        "tags": []
      }
    ]
  }
}