{
  "data": {
    "paginatedAnalysisResults": [
      {
        "id": "0e581410-580f-35c5-abfa-f435007eb435",
        "orgId": "org-9snDQm",
        "datasetId": "model-3",
        "runId": "d5a21305-8b62-4726-b5e3-e66f3d7938ab",
        "creationTimestamp": 1730876000087,
        "datasetTimestamp": 1729382400000,
        "targetLevel": "COLUMN",
        "category": "DataQuality",
        "column": "seasonalvalue",
        "comparison_expected": null,
        "comparison_observed": null,
        "algorithm": "arima",
        "algorithmMode": null,
        "analysisId": "f1935d8c-da2f-345d-ba0f-4a96cf1ac21a",
        "analyzerId": "seasonal-analyzer",
        "analyzerConfigVersion": 0,
        "analyzerType": "seasonal",
        "monitorIds": [
          "seasonal-monitor"
        ],
        "isAnomaly": false,
        "isFalseAlarm": false,
        "granularity": "DAYS",
        "metric": "MEDIAN",
        "weight": null,
        "calculationRuntimeNano": 70187082,
        "columnList_added": null,
        "columnList_removed": null,
        "diff_metricValue": null,
        "diff_mode": null,
        "diff_threshold": null,
        "drift_metricValue": null,
        "drift_minBatchSize": null,
        "drift_threshold": null,
        "mostRecentDatasetDatalakeWriteTs": null,
        "threshold_absoluteLower": null,
        "threshold_absoluteUpper": null,
        "threshold_baselineMetricValue": null,
        "threshold_calculatedLower": -33811.9684368973,
        "threshold_calculatedUpper": 78340.0448905665,
        "threshold_metricValue": 24585,
        "threshold_factor": null,
        "threshold_minBatchSize": null,
        "failureType": null,
        "failureExplanation": null,
        "tags": []
      },
      {
        "id": "e042749b-e109-3698-8122-eef2ebb9f8ac",
        "orgId": "org-9snDQm",
        "datasetId": "model-3",
        "runId": "baa65f5f-83ba-4820-a7fa-808690d1cabb",
        "creationTimestamp": 1732133768056,
        "datasetTimestamp": 1729382400000,
        "targetLevel": "COLUMN",
        "category": "DataQuality",
        "column": "seasonalvalue",
        "comparison_expected": null,
        "comparison_observed": null,
        "algorithm": "arima",
        "algorithmMode": null,
        "analysisId": "f1935d8c-da2f-345d-ba0f-4a96cf1ac21a",
        "analyzerId": "seasonal-analyzer",
        "analyzerConfigVersion": 0,
        "analyzerType": "seasonal",
        "monitorIds": [
          "seasonal-monitor"
        ],
        "isAnomaly": false,
        "isFalseAlarm": false,
        "granularity": "DAYS",
        "metric": "MEDIAN",
        "weight": null,
        "calculationRuntimeNano": 447208820,
        "columnList_added": null,
        "columnList_removed": null,
        "diff_metricValue": null,
        "diff_mode": null,
        "diff_threshold": null,
        "drift_metricValue": null,
        "drift_minBatchSize": null,
        "drift_threshold": null,
        "mostRecentDatasetDatalakeWriteTs": null,
        "threshold_absoluteLower": null,
        "threshold_absoluteUpper": null,
        "threshold_baselineMetricValue": null,
        "threshold_calculatedLower": -33811.9684368973,
        "threshold_calculatedUpper": 78340.0448905665,
        "threshold_metricValue": 24585,
        "threshold_factor": null,
        "threshold_minBatchSize": null,
        "failureType": null,
        "failureExplanation": null,
        "tags": []
      },
      {
        "id": "ebe43028-18e1-3d63-91b1-b554eae36385",
        "orgId": "org-9snDQm",
        "datasetId": "model-3",
        "runId": "b3b006ea-4f30-48fc-af9c-bbb8924dc704",
        "creationTimestamp": 1730875943090,
        "datasetTimestamp": 1729296000000,
        "targetLevel": "COLUMN",
        "category": "DataQuality",
        "column": "seasonalvalue",
        "comparison_expected": null,
        "comparison_observed": null,
        "algorithm": "arima",
        "algorithmMode": null,
        "analysisId": "166e5681-e729-3372-9d8b-2aeb2abf5a6c",
        "analyzerId": "seasonal-analyzer",
        "analyzerConfigVersion": 0,
        "analyzerType": "seasonal",
        "monitorIds": [
          "seasonal-monitor"
        ],
        "isAnomaly": false,
        "isFalseAlarm": false,
        "granularity": "DAYS",
        "metric": "MEDIAN",
        "weight": null,
        "calculationRuntimeNano": 52126754,
        "columnList_added": null,
        "columnList_removed": null,
        "diff_metricValue": null,
        "diff_mode": null,
        "diff_threshold": null,
        "drift_metricValue": null,
        "drift_minBatchSize": null,
        "drift_threshold": null,
        "mostRecentDatasetDatalakeWriteTs": null,
        "threshold_absoluteLower": null,
        "threshold_absoluteUpper": null,
        "threshold_baselineMetricValue": null,
        "threshold_calculatedLower": -52690.5963134908,
        "threshold_calculatedUpper": 104830.67660185,
        "threshold_metricValue": 24585,
        "threshold_factor": null,
        "threshold_minBatchSize": null,
        "failureType": null,
        "failureExplanation": null,
        "tags": []
      },
      {
        "id": "9761dfb4-0258-3652-bc54-97a4aa6ef4f1",
        "orgId": "org-9snDQm",
        "datasetId": "model-3",
        "runId": "befc5ba7-d519-41e9-adcc-ff487e0482e0",
        "creationTimestamp": 1732133794297,
        "datasetTimestamp": 1729296000000,
        "targetLevel": "COLUMN",
        "category": "DataQuality",
        "column": "seasonalvalue",
        "comparison_expected": null,
        "comparison_observed": null,
        "algorithm": "arima",
        "algorithmMode": null,
        "analysisId": "166e5681-e729-3372-9d8b-2aeb2abf5a6c",
        "analyzerId": "seasonal-analyzer",
        "analyzerConfigVersion": 0,
        "analyzerType": "seasonal",
        "monitorIds": [
          "seasonal-monitor"
        ],
        "isAnomaly": false,
        "isFalseAlarm": false,
        "granularity": "DAYS",
        "metric": "MEDIAN",
        "weight": null,
        "calculationRuntimeNano": 272970695,
        "columnList_added": null,
        "columnList_removed": null,
        "diff_metricValue": null,
        "diff_mode": null,
        "diff_threshold": null,
        "drift_metricValue": null,
        "drift_minBatchSize": null,
        "drift_threshold": null,
        "mostRecentDatasetDatalakeWriteTs": null,
        "threshold_absoluteLower": null,
        "threshold_absoluteUpper": null,
        "threshold_baselineMetricValue": null,
        "threshold_calculatedLower": -52690.5963134908,
        "threshold_calculatedUpper": 104830.67660185,
        "threshold_metricValue": 24585,
        "threshold_factor": null,
        "threshold_minBatchSize": null,
        "failureType": null,
        "failureExplanation": null,
        "tags": []
      },
      {
        "id": "6d0ffc68-c8b7-3b08-9c56-7798dfe5685a",
        "orgId": "org-9snDQm",
        "datasetId": "model-3",
        "runId": "9f150f1c-95a3-494d-bbea-5dda911c6a87",
        "creationTimestamp": 1730875879785,
        "datasetTimestamp": 1729209600000,
        "targetLevel": "COLUMN",
        "category": "DataQuality",
        "column": "seasonalvalue",
        "comparison_expected": null,
        "comparison_observed": null,
        "algorithm": "arima",
        "algorithmMode": null,
        "analysisId": "5cb46e33-2c66-3abb-9cd5-04989e28c1d5",
        "analyzerId": "seasonal-analyzer",
        "analyzerConfigVersion": 0,
        "analyzerType": "seasonal",
        "monitorIds": [
          "seasonal-monitor"
        ],
        "isAnomaly": false,
        "isFalseAlarm": false,
        "granularity": "DAYS",
        "metric": "MEDIAN",
        "weight": null,
        "calculationRuntimeNano": 51983139,
        "columnList_added": null,
        "columnList_removed": null,
        "diff_metricValue": null,
        "diff_mode": null,
        "diff_threshold": null,
        "drift_metricValue": null,
        "drift_minBatchSize": null,
        "drift_threshold": null,
        "mostRecentDatasetDatalakeWriteTs": null,
        "threshold_absoluteLower": null,
        "threshold_absoluteUpper": null,
        "threshold_baselineMetricValue": null,
        "threshold_calculatedLower": 167121.02202226,
        "threshold_calculatedUpper": 324999.794214759,
        "threshold_metricValue": 245850,
        "threshold_factor": null,
        "threshold_minBatchSize": null,
        "failureType": null,
        "failureExplanation": null,
        "tags": []
      },
      {
        "id": "347523d5-446d-3c34-9d47-d74a3695dcd4",
        "orgId": "org-9snDQm",
        "datasetId": "model-3",
        "runId": "aceea12c-995c-4a60-aa78-f4e21eab269b",
        "creationTimestamp": 1732133796285,
        "datasetTimestamp": 1729209600000,
        "targetLevel": "COLUMN",
        "category": "DataQuality",
        "column": "seasonalvalue",
        "comparison_expected": null,
        "comparison_observed": null,
        "algorithm": "arima",
        "algorithmMode": null,
        "analysisId": "5cb46e33-2c66-3abb-9cd5-04989e28c1d5",
        "analyzerId": "seasonal-analyzer",
        "analyzerConfigVersion": 0,
        "analyzerType": "seasonal",
        "monitorIds": [
          "seasonal-monitor"
        ],
        "isAnomaly": false,
        "isFalseAlarm": false,
        "granularity": "DAYS",
        "metric": "MEDIAN",
        "weight": null,
        "calculationRuntimeNano": 517136415,
        "columnList_added": null,
        "columnList_removed": null,
        "diff_metricValue": null,
        "diff_mode": null,
        "diff_threshold": null,
        "drift_metricValue": null,
        "drift_minBatchSize": null,
        "drift_threshold": null,
        "mostRecentDatasetDatalakeWriteTs": null,
        "threshold_absoluteLower": null,
        "threshold_absoluteUpper": null,
        "threshold_baselineMetricValue": null,
        "threshold_calculatedLower": 167121.02202226,
        "threshold_calculatedUpper": 324999.794214759,
        "threshold_metricValue": 245850,
        "threshold_factor": null,
        "threshold_minBatchSize": null,
        "failureType": null,
        "failureExplanation": null,
        "tags": []
      },
      {
        "id": "cccbcd14-69d4-3d94-acd2-d56ed8828c75",
        "orgId": "org-9snDQm",
        "datasetId": "model-3",
        "runId": "503f87e9-6723-435b-a63f-6e511341c005",
        "creationTimestamp": 1732133763231,
        "datasetTimestamp": 1729123200000,
        "targetLevel": "COLUMN",
        "category": "DataQuality",
        "column": "seasonalvalue",
        "comparison_expected": null,
        "comparison_observed": null,
        "algorithm": "arima",
        "algorithmMode": null,
        "analysisId": "55411fb2-13f1-3cfb-a599-494690b311aa",
        "analyzerId": "seasonal-analyzer",
        "analyzerConfigVersion": 0,
        "analyzerType": "seasonal",
        "monitorIds": [
          "seasonal-monitor"
        ],
        "isAnomaly": false,
        "isFalseAlarm": false,
        "granularity": "DAYS",
        "metric": "MEDIAN",
        "weight": null,
        "calculationRuntimeNano": 570754556,
        "columnList_added": null,
        "columnList_removed": null,
        "diff_metricValue": null,
        "diff_mode": null,
        "diff_threshold": null,
        "drift_metricValue": null,
        "drift_minBatchSize": null,
        "drift_threshold": null,
        "mostRecentDatasetDatalakeWriteTs": null,
        "threshold_absoluteLower": null,
        "threshold_absoluteUpper": null,
        "threshold_baselineMetricValue": null,
        "threshold_calculatedLower": 167101.86724139,
        "threshold_calculatedUpper": 324981.279959371,
        "threshold_metricValue": 245850,
        "threshold_factor": null,
        "threshold_minBatchSize": null,
        "failureType": null,
        "failureExplanation": null,
        "tags": []
      },
      {
        "id": "d7026f40-d617-313c-82bf-21b0a15d6075",
        "orgId": "org-9snDQm",
        "datasetId": "model-3",
        "runId": "60bb5038-e2b7-47ba-a752-1ff5328d567e",
        "creationTimestamp": 1730875819989,
        "datasetTimestamp": 1729123200000,
        "targetLevel": "COLUMN",
        "category": "DataQuality",
        "column": "seasonalvalue",
        "comparison_expected": null,
        "comparison_observed": null,
        "algorithm": "arima",
        "algorithmMode": null,
        "analysisId": "55411fb2-13f1-3cfb-a599-494690b311aa",
        "analyzerId": "seasonal-analyzer",
        "analyzerConfigVersion": 0,
        "analyzerType": "seasonal",
        "monitorIds": [
          "seasonal-monitor"
        ],
        "isAnomaly": false,
        "isFalseAlarm": false,
        "granularity": "DAYS",
        "metric": "MEDIAN",
        "weight": null,
        "calculationRuntimeNano": 52706009,
        "columnList_added": null,
        "columnList_removed": null,
        "diff_metricValue": null,
        "diff_mode": null,
        "diff_threshold": null,
        "drift_metricValue": null,
        "drift_minBatchSize": null,
        "drift_threshold": null,
        "mostRecentDatasetDatalakeWriteTs": null,
        "threshold_absoluteLower": null,
        "threshold_absoluteUpper": null,
        "threshold_baselineMetricValue": null,
        "threshold_calculatedLower": 167101.86724139,
        "threshold_calculatedUpper": 324981.279959371,
        "threshold_metricValue": 245850,
        "threshold_factor": null,
        "threshold_minBatchSize": null,
        "failureType": null,
        "failureExplanation": null,
        "tags": []
      },
      {
        "id": "e50e0990-dfc6-37ec-a375-9de132bc1b66",
        "orgId": "org-9snDQm",
        "datasetId": "model-3",
        "runId": "5ff46983-7f9e-4cc6-bc65-1485a61acf85",
        "creationTimestamp": 1732133754759,
        "datasetTimestamp": 1729036800000,
        "targetLevel": "COLUMN",
        "category": "DataQuality",
        "column": "seasonalvalue",
        "comparison_expected": null,
        "comparison_observed": null,
        "algorithm": "arima",
        "algorithmMode": null,
        "analysisId": "cb51d0ad-1422-39cb-9a01-743767011d9e",
        "analyzerId": "seasonal-analyzer",
        "analyzerConfigVersion": 0,
        "analyzerType": "seasonal",
        "monitorIds": [
          "seasonal-monitor"
        ],
        "isAnomaly": false,
        "isFalseAlarm": false,
        "granularity": "DAYS",
        "metric": "MEDIAN",
        "weight": null,
        "calculationRuntimeNano": 322277074,
        "columnList_added": null,
        "columnList_removed": null,
        "diff_metricValue": null,
        "diff_mode": null,
        "diff_threshold": null,
        "drift_metricValue": null,
        "drift_minBatchSize": null,
        "drift_threshold": null,
        "mostRecentDatasetDatalakeWriteTs": null,
        "threshold_absoluteLower": null,
        "threshold_absoluteUpper": null,
        "threshold_baselineMetricValue": null,
        "threshold_calculatedLower": 167101.867249977,
        "threshold_calculatedUpper": 324981.27996793,
        "threshold_metricValue": 245850,
        "threshold_factor": null,
        "threshold_minBatchSize": null,
        "failureType": null,
        "failureExplanation": null,
        "tags": []
      },
      {
        "id": "d52eae21-6a90-32b9-9c92-f0c24c38680d",
        "orgId": "org-9snDQm",
        "datasetId": "model-3",
        "runId": "3ce1c64f-a442-46d9-a5a4-dfee6c04ba0f",
        "creationTimestamp": 1730875759812,
        "datasetTimestamp": 1729036800000,
        "targetLevel": "COLUMN",
        "category": "DataQuality",
        "column": "seasonalvalue",
        "comparison_expected": null,
        "comparison_observed": null,
        "algorithm": "arima",
        "algorithmMode": null,
        "analysisId": "cb51d0ad-1422-39cb-9a01-743767011d9e",
        "analyzerId": "seasonal-analyzer",
        "analyzerConfigVersion": 0,
        "analyzerType": "seasonal",
        "monitorIds": [
          "seasonal-monitor"
        ],
        "isAnomaly": false,
        "isFalseAlarm": false,
        "granularity": "DAYS",
        "metric": "MEDIAN",
        "weight": null,
        "calculationRuntimeNano": 53030838,
        "columnList_added": null,
        "columnList_removed": null,
        "diff_metricValue": null,
        "diff_mode": null,
        "diff_threshold": null,
        "drift_metricValue": null,
        "drift_minBatchSize": null,
        "drift_threshold": null,
        "mostRecentDatasetDatalakeWriteTs": null,
        "threshold_absoluteLower": null,
        "threshold_absoluteUpper": null,
        "threshold_baselineMetricValue": null,
        "threshold_calculatedLower": 167101.867249977,
        "threshold_calculatedUpper": 324981.27996793,
        "threshold_metricValue": 245850,
        "threshold_factor": null,
        "threshold_minBatchSize": null,
        "failureType": null,
        "failureExplanation": null,
        "tags": []
      },
      {
        "id": "647daa04-9a15-3c45-880f-a46eb97b8b6a",
        "orgId": "org-9snDQm",
        "datasetId": "model-3",
        "runId": "b6b8b6c4-9c77-469d-91fb-9845f0897b19",
        "creationTimestamp": 1732133758826,
        "datasetTimestamp": 1728950400000,
        "targetLevel": "COLUMN",
        "category": "DataQuality",
        "column": "seasonalvalue",
        "comparison_expected": null,
        "comparison_observed": null,
        "algorithm": "arima",
        "algorithmMode": null,
        "analysisId": "f2cc7c76-ee5a-307a-aa01-39c2a49f87fc",
        "analyzerId": "seasonal-analyzer",
        "analyzerConfigVersion": 0,
        "analyzerType": "seasonal",
        "monitorIds": [
          "seasonal-monitor"
        ],
        "isAnomaly": false,
        "isFalseAlarm": false,
        "granularity": "DAYS",
        "metric": "MEDIAN",
        "weight": null,
        "calculationRuntimeNano": 435107806,
        "columnList_added": null,
        "columnList_removed": null,
        "diff_metricValue": null,
        "diff_mode": null,
        "diff_threshold": null,
        "drift_metricValue": null,
        "drift_minBatchSize": null,
        "drift_threshold": null,
        "mostRecentDatasetDatalakeWriteTs": null,
        "threshold_absoluteLower": null,
        "threshold_absoluteUpper": null,
        "threshold_baselineMetricValue": null,
        "threshold_calculatedLower": 167101.867256486,
        "threshold_calculatedUpper": 324981.27997445,
        "threshold_metricValue": 245850,
        "threshold_factor": null,
        "threshold_minBatchSize": null,
        "failureType": null,
        "failureExplanation": null,
        "tags": []
      },
      {
        "id": "50294c1b-23df-32d7-8b05-3bd78c2c85e0",
        "orgId": "org-9snDQm",
        "datasetId": "model-3",
        "runId": "f8b2ce8e-0529-4ebb-881a-8b7d2577a229",
        "creationTimestamp": 1730875702516,
        "datasetTimestamp": 1728950400000,
        "targetLevel": "COLUMN",
        "category": "DataQuality",
        "column": "seasonalvalue",
        "comparison_expected": null,
        "comparison_observed": null,
        "algorithm": "arima",
        "algorithmMode": null,
        "analysisId": "f2cc7c76-ee5a-307a-aa01-39c2a49f87fc",
        "analyzerId": "seasonal-analyzer",
        "analyzerConfigVersion": 0,
        "analyzerType": "seasonal",
        "monitorIds": [
          "seasonal-monitor"
        ],
        "isAnomaly": false,
        "isFalseAlarm": false,
        "granularity": "DAYS",
        "metric": "MEDIAN",
        "weight": null,
        "calculationRuntimeNano": 52181905,
        "columnList_added": null,
        "columnList_removed": null,
        "diff_metricValue": null,
        "diff_mode": null,
        "diff_threshold": null,
        "drift_metricValue": null,
        "drift_minBatchSize": null,
        "drift_threshold": null,
        "mostRecentDatasetDatalakeWriteTs": null,
        "threshold_absoluteLower": null,
        "threshold_absoluteUpper": null,
        "threshold_baselineMetricValue": null,
        "threshold_calculatedLower": 167101.867256486,
        "threshold_calculatedUpper": 324981.27997445,
        "threshold_metricValue": 245850,
        "threshold_factor": null,
        "threshold_minBatchSize": null,
        "failureType": null,
        "failureExplanation": null,
        "tags": []
      }
    ]
  }
}