{
  "data": {
    "model": {
      "id": "model-16",
      "name": "Segmented Retail Regression",
      "batchFrequency": "P1D",
      "feature": {
        "id": "832e9f83-31e0-4024-8081-84c60d609e02",
        "sketches": [
          {
            "id": "91384146-7a33-4e22-b325-b66aaaeb47e1",
            "createdAt": 1728950400000,
            "showAsDiscrete": false,
            "numberSummary": {
              "quantiles": {
                "bins": [
                  0,
                  0.01,
                  0.05,
                  0.25,
                  0.5,
                  0.75,
                  0.95,
                  0.99,
                  1
                ],
                "counts": [
                  5,
                  19,
                  35,
                  100,
                  225,
                  410,
                  1447,
                  2999,
                  7299
                ]
              },
              "count": 7720,
              "min": 5,
              "max": 7299,
              "mean": 380.72690936593267,
              "stddev": 542.3344
            }
          },
          {
            "id": "6432024a-882f-4574-b201-7214875f4374",
            "createdAt": 1729036800000,
            "showAsDiscrete": false,
            "numberSummary": {
              "quantiles": {
                "bins": [
                  0,
                  0.01,
                  0.05,
                  0.25,
                  0.5,
                  0.75,
                  0.95,
                  0.99,
                  1
                ],
                "counts": [
                  5,
                  20,
                  35,
                  99,
                  225,
                  410,
                  1399,
                  3050,
                  6750
                ]
              },
              "count": 7720,
              "min": 5,
              "max": 6750,
              "mean": 389.10930305220205,
              "stddev": 589.2018
            }
          },
          {
            "id": "523eebe7-daa6-4ee9-806c-7a1b53f588f9",
            "createdAt": 1729123200000,
            "showAsDiscrete": false,
            "numberSummary": {
              "quantiles": {
                "bins": [
                  0,
                  0.01,
                  0.05,
                  0.25,
                  0.5,
                  0.75,
                  0.95,
                  0.99,
                  1
                ],
                "counts": [
                  5,
                  17.5,
                  35,
                  100,
                  225,
                  425,
                  1398,
                  3040,
                  7299
                ]
              },
              "count": 7720,
              "min": 5,
              "max": 7299,
              "mean": 393.57313721981865,
              "stddev": 583.9444
            }
          },
          {
            "id": "6ee7f048-ee50-44cf-ae85-d4f8e8c5df1a",
            "createdAt": 1729209600000,
            "showAsDiscrete": false,
            "numberSummary": {
              "quantiles": {
                "bins": [
                  0,
                  0.01,
                  0.05,
                  0.25,
                  0.5,
                  0.75,
                  0.95,
                  0.99,
                  1
                ],
                "counts": [
                  5,
                  15,
                  35,
                  100,
                  225,
                  438,
                  1350,
                  3000,
                  5900
                ]
              },
              "count": 7720,
              "min": 5,
              "max": 5900,
              "mean": 382.22160378329016,
              "stddev": 548.1975
            }
          },
          {
            "id": "352d1fe4-4c99-410c-a5f6-8f663f7d40a7",
            "createdAt": 1729296000000,
            "showAsDiscrete": false,
            "numberSummary": {
              "quantiles": {
                "bins": [
                  0,
                  0.01,
                  0.05,
                  0.25,
                  0.5,
                  0.75,
                  0.95,
                  0.99,
                  1
                ],
                "counts": [
                  5,
                  17.5,
                  35,
                  100,
                  225,
                  440,
                  1500,
                  3480,
                  5900
                ]
              },
              "count": 7720,
              "min": 5,
              "max": 5900,
              "mean": 404.0344406361399,
              "stddev": 594.8174
            }
          },
          {
            "id": "7f5a2531-761b-4eac-884e-bbd7a3ccbd6f",
            "createdAt": 1729382400000,
            "showAsDiscrete": false,
            "numberSummary": {
              "quantiles": {
                "bins": [
                  0,
                  0.01,
                  0.05,
                  0.25,
                  0.5,
                  0.75,
                  0.95,
                  0.99,
                  1
                ],
                "counts": [
                  5,
                  15,
                  35,
                  100,
                  225,
                  425,
                  1398,
                  3000,
                  7299
                ]
              },
              "count": 7720,
              "min": 5,
              "max": 7299,
              "mean": 390.4306582314767,
              "stddev": 589.0284
            }
          }
        ]
      }
    }
  }
}