{
  "data": {
    "model": {
      "id": "model-15",
      "name": "Monthly segmented multiclass",
      "batchFrequency": "P1M",
      "segment": {
        "id": "f8a6a97c-ef99-4284-b81a-bfd9fcb80f10",
        "feature": {
          "id": "ae9bf4f3-2938-44b8-a7f1-350341606769",
          "name": "age",
          "baselineSketch": {
            "id": "22692ec0-c2ce-4825-bbaf-38d55b538854",
            "schemaSummary": {
              "inference": {
                "type": "TEXT"
              }
            },
            "showAsDiscrete": true
          },
          "sketches": [
            {
              "id": "a2f32a93-25b4-46d7-9225-39d26461a9bc",
              "createdAt": 1704067200000
            },
            {
              "id": "0ec298c7-371a-459d-9f61-ccc935cd6157",
              "createdAt": 1706745600000
            },
            {
              "id": "87c70e2a-a18d-4bf0-bd52-f4bd08a500eb",
              "createdAt": 1709251200000
            },
            {
              "id": "bbc8af84-8853-4ef9-819c-976c5f54262d",
              "createdAt": 1714521600000
            },
            {
              "id": "b9843f42-9e23-4e1a-b2a4-750783ab5ad9",
              "createdAt": 1717200000000
            },
            {
              "id": "1b15be00-cb44-4241-9460-db468d66dc2c",
              "createdAt": 1719792000000
            },
            {
              "id": "6ff68ff9-4d32-4753-ac2c-930892091a8b",
              "createdAt": 1722470400000
            },
            {
              "id": "48496651-2c1d-4aaa-8f68-17d4e694e7cd",
              "createdAt": 1725148800000
            }
          ]
        }
      }
    }
  }
}