{
  "data": {
    "model": {
      "id": "model-11",
      "name": "Different data types",
      "batchFrequency": "P1D",
      "feature": {
        "id": "33ed8604-20e1-47b6-9be7-604212ce2763",
        "analysisResults": [
          {
            "id": "807ae248-520a-3744-b890-90eff2aaeb60",
            "orgId": "org-9snDQm",
            "creationTimestamp": 1730898129375,
            "datasetTimestamp": 1729123200000,
            "threshold_calculatedLower": 0.001,
            "threshold_calculatedUpper": 0.001,
            "threshold_absoluteLower": null,
            "threshold_absoluteUpper": null,
            "threshold_metricValue": 0.001,
            "threshold_factor": 1.96,
            "threshold_minBatchSize": 3,
            "failureType": null,
            "analyzerResultType": "StddevCalculationResult",
            "analysisId": "2ec6c930-bc0e-39a7-a8ea-edccd701c486",
            "analyzerType": "stddev",
            "isAnomaly": false
          },
          {
            "id": "363e62c1-ac7e-3938-8e7a-24c10a9dfa06",
            "orgId": "org-9snDQm",
            "creationTimestamp": 1732133731569,
            "datasetTimestamp": 1729123200000,
            "threshold_calculatedLower": 0.001,
            "threshold_calculatedUpper": 0.001,
            "threshold_absoluteLower": null,
            "threshold_absoluteUpper": null,
            "threshold_metricValue": 0.001,
            "threshold_factor": 1.96,
            "threshold_minBatchSize": 3,
            "failureType": null,
            "analyzerResultType": "StddevCalculationResult",
            "analysisId": "2ec6c930-bc0e-39a7-a8ea-edccd701c486",
            "analyzerType": "stddev",
            "isAnomaly": false
          },
          {
            "id": "c639dd1a-1c97-31ad-bb49-4567f998a3e1",
            "orgId": "org-9snDQm",
            "creationTimestamp": 1730898191841,
            "datasetTimestamp": 1729209600000,
            "threshold_calculatedLower": 0.001,
            "threshold_calculatedUpper": 0.001,
            "threshold_absoluteLower": null,
            "threshold_absoluteUpper": null,
            "threshold_metricValue": 0.001,
            "threshold_factor": 1.96,
            "threshold_minBatchSize": 4,
            "failureType": null,
            "analyzerResultType": "StddevCalculationResult",
            "analysisId": "dba287ba-0232-34a2-acf0-40bbf8eafb95",
            "analyzerType": "stddev",
            "isAnomaly": false
          },
          {
            "id": "085e94f5-0ec0-3716-a66b-3a9ebbac3eca",
            "orgId": "org-9snDQm",
            "creationTimestamp": 1732133735943,
            "datasetTimestamp": 1729209600000,
            "threshold_calculatedLower": 0.001,
            "threshold_calculatedUpper": 0.001,
            "threshold_absoluteLower": null,
            "threshold_absoluteUpper": null,
            "threshold_metricValue": 0.001,
            "threshold_factor": 1.96,
            "threshold_minBatchSize": 4,
            "failureType": null,
            "analyzerResultType": "StddevCalculationResult",
            "analysisId": "dba287ba-0232-34a2-acf0-40bbf8eafb95",
            "analyzerType": "stddev",
            "isAnomaly": false
          },
          {
            "id": "47c1e4f1-4792-3ee6-a352-3e329eccff70",
            "orgId": "org-9snDQm",
            "creationTimestamp": 1730898253341,
            "datasetTimestamp": 1729296000000,
            "threshold_calculatedLower": 0.001,
            "threshold_calculatedUpper": 0.001,
            "threshold_absoluteLower": null,
            "threshold_absoluteUpper": null,
            "threshold_metricValue": 0.001,
            "threshold_factor": 1.96,
            "threshold_minBatchSize": 5,
            "failureType": null,
            "analyzerResultType": "StddevCalculationResult",
            "analysisId": "87a1c103-9e78-357f-a66a-5828eb2f1492",
            "analyzerType": "stddev",
            "isAnomaly": false
          },
          {
            "id": "46db37c1-9c16-395a-bb9f-d7b3b730247a",
            "orgId": "org-9snDQm",
            "creationTimestamp": 1732133728589,
            "datasetTimestamp": 1729296000000,
            "threshold_calculatedLower": 0.001,
            "threshold_calculatedUpper": 0.001,
            "threshold_absoluteLower": null,
            "threshold_absoluteUpper": null,
            "threshold_metricValue": 0.001,
            "threshold_factor": 1.96,
            "threshold_minBatchSize": 5,
            "failureType": null,
            "analyzerResultType": "StddevCalculationResult",
            "analysisId": "87a1c103-9e78-357f-a66a-5828eb2f1492",
            "analyzerType": "stddev",
            "isAnomaly": false
          },
          {
            "id": "c9f59dcc-b129-334a-b1e0-6942457da78f",
            "orgId": "org-9snDQm",
            "creationTimestamp": 1730898310712,
            "datasetTimestamp": 1729382400000,
            "threshold_calculatedLower": 0.001,
            "threshold_calculatedUpper": 0.001,
            "threshold_absoluteLower": null,
            "threshold_absoluteUpper": null,
            "threshold_metricValue": 0.001,
            "threshold_factor": 1.96,
            "threshold_minBatchSize": 6,
            "failureType": null,
            "analyzerResultType": "StddevCalculationResult",
            "analysisId": "424ddcf6-2c64-3a6a-8926-0a65f5f988c1",
            "analyzerType": "stddev",
            "isAnomaly": false
          },
          {
            "id": "b84314a4-82e6-3e84-a725-d66ff5b19407",
            "orgId": "org-9snDQm",
            "creationTimestamp": 1732133725678,
            "datasetTimestamp": 1729382400000,
            "threshold_calculatedLower": 0.001,
            "threshold_calculatedUpper": 0.001,
            "threshold_absoluteLower": null,
            "threshold_absoluteUpper": null,
            "threshold_metricValue": 0.001,
            "threshold_factor": 1.96,
            "threshold_minBatchSize": 6,
            "failureType": null,
            "analyzerResultType": "StddevCalculationResult",
            "analysisId": "424ddcf6-2c64-3a6a-8926-0a65f5f988c1",
            "analyzerType": "stddev",
            "isAnomaly": false
          }
        ]
      }
    }
  }
}